Netlist file: test.net   Architecture file: test.arch.xml
Array size: 5 x 5 logic blocks

#block name	x	y	subblk	block number
#----------	--	--	------	------------
N1		0	3	0	#0
N2		6	5	0	#1
N3		0	1	0	#2
out:N28		0	5	0	#3
N23_blk		5	5	0	#4
N22_blk		1	5	0	#5
N21_blk		3	3	0	#6
N20_blk		5	1	0	#7
N27_blk		1	2	0	#8
N26_blk		2	4	0	#9
N25_blk		2	3	0	#10
N24_blk		4	3	0	#11
N8_blk		1	3	0	#12
N9_blk		1	4	0	#13
N4_blk		5	3	0	#14
N5_blk		5	2	0	#15
N6_blk		3	5	0	#16
N7_blk		5	4	0	#17
N12_blk		2	2	0	#18
N13_blk		2	1	0	#19
N10_blk		3	4	0	#20
N11_blk		3	1	0	#21
N16_blk		1	1	0	#22
N17_blk		4	2	0	#23
N14_blk		3	2	0	#24
N15_blk		2	5	0	#25
N18_blk		4	1	0	#26
N19_blk		4	4	0	#27
