Netlist file: test.net   Architecture file: test.arch.xml
Array size: 3 x 3 logic blocks

#block name	x	y	subblk	block number
#----------	--	--	------	------------
N1		1	4	0	#0
N2		4	1	0	#1
N3		0	1	0	#2
N4		3	0	0	#3
N5		0	3	0	#4
N6		4	2	0	#5
out:N14		2	4	0	#6
N12_blk		3	2	0	#7
N13_blk		1	3	0	#8
N10_blk		2	1	0	#9
N11_blk		1	1	0	#10
N8_blk		2	2	0	#11
N9_blk		1	2	0	#12
N7_blk		3	1	0	#13
