Netlist file: test.net   Architecture file: test.arch.xml
Array size: 5 x 5 logic blocks

#block name	x	y	subblk	block number
#----------	--	--	------	------------
N1		6	3	0	#0
N2		2	0	0	#1
N3		0	1	0	#2
out:N21		1	0	0	#3
N12_blk		4	4	0	#4
N13_blk		2	1	0	#5
N10_blk		2	2	0	#6
N11_blk		5	2	0	#7
N16_blk		3	3	0	#8
N17_blk		1	2	0	#9
N14_blk		3	2	0	#10
N15_blk		2	3	0	#11
N18_blk		4	3	0	#12
N19_blk		4	1	0	#13
N8_blk		3	4	0	#14
N9_blk		1	1	0	#15
N20_blk		5	3	0	#16
N4_blk		5	1	0	#17
N5_blk		4	2	0	#18
N6_blk		1	3	0	#19
N7_blk		3	1	0	#20
