Array size: 9 x 9 logic blocks.

Routing:

Net 0 (N23)

SOURCE (7,0)  Pad: 1  
  OPIN (7,0)  Pad: 1  
 CHANX (7,0)  Track: 2  
 CHANX (8,0)  Track: 2  
 CHANY (8,1)  Track: 2  
 CHANY (8,2)  Track: 2  
  IPIN (9,2)  Pin: 3  
  SINK (9,2)  Class: 0  
 CHANY (8,2)  Track: 2  
 CHANY (8,3)  Track: 2  
  IPIN (8,3)  Pin: 1  
  SINK (8,3)  Class: 0  
  OPIN (7,0)  Pad: 1  
 CHANX (7,0)  Track: 3  
 CHANX (6,0)  Track: 3  
 CHANX (5,0)  Track: 3  
 CHANY (4,1)  Track: 2  
 CHANY (4,2)  Track: 2  
  IPIN (4,2)  Pin: 1  
  SINK (4,2)  Class: 0  
 CHANX (5,0)  Track: 3  
 CHANX (4,0)  Track: 3  
 CHANX (3,0)  Track: 3  
  IPIN (3,1)  Pin: 2  
  SINK (3,1)  Class: 0  
 CHANY (4,2)  Track: 2  
 CHANY (4,3)  Track: 2  
 CHANY (4,4)  Track: 2  
  IPIN (4,4)  Pin: 1  
  SINK (4,4)  Class: 0  
 CHANY (4,3)  Track: 2  
 CHANX (4,3)  Track: 3  
 CHANX (3,3)  Track: 3  
 CHANX (2,3)  Track: 3  
 CHANX (1,3)  Track: 3  
  IPIN (1,4)  Pin: 2  
  SINK (1,4)  Class: 0  


Net 1 (N22)

SOURCE (0,6)  Pad: 1  
  OPIN (0,6)  Pad: 1  
 CHANY (0,6)  Track: 2  
 CHANX (1,6)  Track: 2  
 CHANX (2,6)  Track: 2  
  IPIN (2,7)  Pin: 2  
  SINK (2,7)  Class: 0  
 CHANX (2,6)  Track: 2  
 CHANY (2,7)  Track: 2  
 CHANY (2,8)  Track: 2  
  IPIN (3,8)  Pin: 3  
  SINK (3,8)  Class: 0  
 CHANX (2,6)  Track: 2  
 CHANX (3,6)  Track: 2  
 CHANX (4,6)  Track: 2  
 CHANX (5,6)  Track: 2  
  IPIN (5,7)  Pin: 2  
  SINK (5,7)  Class: 0  
 CHANX (5,6)  Track: 2  
 CHANY (5,6)  Track: 3  
 CHANY (5,5)  Track: 3  
  IPIN (6,5)  Pin: 3  
  SINK (6,5)  Class: 0  
 CHANX (1,6)  Track: 2  
 CHANY (1,6)  Track: 3  
 CHANY (1,5)  Track: 3  
 CHANY (1,4)  Track: 3  
 CHANY (1,3)  Track: 3  
  IPIN (2,3)  Pin: 3  
  SINK (2,3)  Class: 0  
 CHANY (1,5)  Track: 3  
 CHANX (2,4)  Track: 2  
 CHANX (3,4)  Track: 2  
  IPIN (3,4)  Pin: 0  
  SINK (3,4)  Class: 0  


Net 2 (N21)

SOURCE (2,10)  Pad: 1  
  OPIN (2,10)  Pad: 1  
 CHANX (2,9)  Track: 0  
 CHANX (3,9)  Track: 0  
 CHANY (3,9)  Track: 1  
 CHANY (3,8)  Track: 1  
  IPIN (3,8)  Pin: 1  
  SINK (3,8)  Class: 0  
  OPIN (2,10)  Pad: 1  
 CHANX (2,9)  Track: 2  
 CHANY (2,9)  Track: 3  
 CHANY (2,8)  Track: 3  
 CHANY (2,7)  Track: 3  
  IPIN (2,7)  Pin: 1  
  SINK (2,7)  Class: 0  
 CHANY (2,7)  Track: 3  
 CHANY (2,6)  Track: 3  
 CHANY (2,5)  Track: 3  
  IPIN (2,5)  Pin: 1  
  SINK (2,5)  Class: 0  
 CHANY (2,6)  Track: 3  
 CHANX (3,5)  Track: 2  
 CHANX (4,5)  Track: 2  
  IPIN (4,5)  Pin: 0  
  SINK (4,5)  Class: 0  
 CHANX (4,5)  Track: 2  
 CHANX (5,5)  Track: 2  
  IPIN (5,5)  Pin: 0  
  SINK (5,5)  Class: 0  
 CHANX (2,9)  Track: 2  
 CHANX (3,9)  Track: 2  
 CHANY (3,9)  Track: 3  
 CHANX (4,8)  Track: 2  
 CHANX (5,8)  Track: 2  
  IPIN (5,8)  Pin: 0  
  SINK (5,8)  Class: 0  


Net 3 (N20)

SOURCE (10,2)  Pad: 1  
  OPIN (10,2)  Pad: 1  
 CHANY (9,2)  Track: 3  
  IPIN (9,2)  Pin: 1  
  SINK (9,2)  Class: 0  
  OPIN (10,2)  Pad: 1  
 CHANY (9,2)  Track: 2  
 CHANX (9,2)  Track: 3  
 CHANX (8,2)  Track: 3  
  IPIN (8,3)  Pin: 2  
  SINK (8,3)  Class: 0  
 CHANX (8,2)  Track: 3  
 CHANX (7,2)  Track: 3  
 CHANY (6,3)  Track: 2  
 CHANY (6,4)  Track: 2  
 CHANY (6,5)  Track: 2  
 CHANY (6,6)  Track: 2  
  IPIN (6,6)  Pin: 1  
  SINK (6,6)  Class: 0  
 CHANY (6,6)  Track: 2  
 CHANY (6,7)  Track: 2  
  IPIN (6,7)  Pin: 1  
  SINK (6,7)  Class: 0  
 CHANY (6,7)  Track: 2  
 CHANY (6,8)  Track: 2  
  IPIN (7,8)  Pin: 3  
  SINK (7,8)  Class: 0  
 CHANY (6,7)  Track: 2  
 CHANX (7,7)  Track: 2  
 CHANX (8,7)  Track: 2  
 CHANX (9,7)  Track: 2  
  IPIN (9,8)  Pin: 2  
  SINK (9,8)  Class: 0  


Net 4 (N27)

SOURCE (10,8)  Pad: 1  
  OPIN (10,8)  Pad: 1  
 CHANY (9,8)  Track: 3  
  IPIN (9,8)  Pin: 1  
  SINK (9,8)  Class: 0  
 CHANY (9,8)  Track: 3  
 CHANX (9,7)  Track: 3  
 CHANX (8,7)  Track: 3  
 CHANX (7,7)  Track: 3  
  IPIN (7,8)  Pin: 2  
  SINK (7,8)  Class: 0  
 CHANX (7,7)  Track: 3  
 CHANX (6,7)  Track: 3  
 CHANX (5,7)  Track: 3  
 CHANX (4,7)  Track: 3  
  IPIN (4,8)  Pin: 2  
  SINK (4,8)  Class: 0  
 CHANX (5,7)  Track: 3  
 CHANY (4,7)  Track: 3  
 CHANY (4,6)  Track: 3  
  IPIN (4,6)  Pin: 1  
  SINK (4,6)  Class: 0  
 CHANX (7,7)  Track: 3  
 CHANY (6,7)  Track: 3  
 CHANY (6,6)  Track: 3  
 CHANY (6,5)  Track: 3  
 CHANY (6,4)  Track: 3  
 CHANY (6,3)  Track: 3  
 CHANY (6,2)  Track: 3  
  IPIN (7,2)  Pin: 3  
  SINK (7,2)  Class: 0  
 CHANY (6,2)  Track: 3  
  IPIN (6,2)  Pin: 1  
  SINK (6,2)  Class: 0  


Net 5 (N26)

SOURCE (10,6)  Pad: 1  
  OPIN (10,6)  Pad: 1  
 CHANY (9,6)  Track: 3  
  IPIN (9,6)  Pin: 1  
  SINK (9,6)  Class: 0  


Net 6 (N25)

SOURCE (7,10)  Pad: 1  
  OPIN (7,10)  Pad: 1  
 CHANX (7,9)  Track: 3  
  IPIN (7,9)  Pin: 0  
  SINK (7,9)  Class: 0  


Net 7 (N24)

SOURCE (0,4)  Pad: 1  
  OPIN (0,4)  Pad: 1  
 CHANY (0,4)  Track: 3  
  IPIN (1,4)  Pin: 3  
  SINK (1,4)  Class: 0  
  OPIN (0,4)  Pad: 1  
 CHANY (0,4)  Track: 2  
 CHANY (0,5)  Track: 2  
 CHANX (1,5)  Track: 2  
  IPIN (1,6)  Pin: 2  
  SINK (1,6)  Class: 0  
 CHANX (1,5)  Track: 2  
 CHANY (1,6)  Track: 2  
 CHANY (1,7)  Track: 2  
  IPIN (1,7)  Pin: 1  
  SINK (1,7)  Class: 0  
 CHANY (1,7)  Track: 2  
 CHANX (2,7)  Track: 2  
 CHANX (3,7)  Track: 2  
 CHANY (3,7)  Track: 3  
 CHANY (3,6)  Track: 3  
  IPIN (4,6)  Pin: 3  
  SINK (4,6)  Class: 0  
 CHANY (1,7)  Track: 2  
 CHANY (1,8)  Track: 2  
 CHANX (2,8)  Track: 2  
 CHANX (3,8)  Track: 2  
 CHANY (3,8)  Track: 3  
  IPIN (4,8)  Pin: 3  
  SINK (4,8)  Class: 0  
 CHANY (3,6)  Track: 3  
 CHANY (3,5)  Track: 3  
 CHANY (3,4)  Track: 3  
  IPIN (4,4)  Pin: 3  
  SINK (4,4)  Class: 0  


Net 8 (N12)

SOURCE (3,0)  Pad: 1  
  OPIN (3,0)  Pad: 1  
 CHANX (3,0)  Track: 1  
 CHANY (2,1)  Track: 0  
 CHANY (2,2)  Track: 0  
  IPIN (2,2)  Pin: 1  
  SINK (2,2)  Class: 0  
 CHANY (2,2)  Track: 0  
 CHANY (2,3)  Track: 0  
 CHANY (2,4)  Track: 0  
  IPIN (2,4)  Pin: 1  
  SINK (2,4)  Class: 0  
 CHANY (2,4)  Track: 0  
 CHANX (3,4)  Track: 0  
 CHANX (4,4)  Track: 0  
 CHANX (5,4)  Track: 0  
  IPIN (5,4)  Pin: 0  
  SINK (5,4)  Class: 0  
 CHANX (5,4)  Track: 0  
 CHANX (6,4)  Track: 0  
  IPIN (6,4)  Pin: 0  
  SINK (6,4)  Class: 0  
 CHANX (5,4)  Track: 0  
 CHANY (5,4)  Track: 1  
 CHANY (5,3)  Track: 1  
  IPIN (6,3)  Pin: 3  
  SINK (6,3)  Class: 0  
 CHANY (5,3)  Track: 1  
 CHANY (5,2)  Track: 1  
  IPIN (5,2)  Pin: 1  
  SINK (5,2)  Class: 0  


Net 9 (N13)

SOURCE (0,5)  Pad: 1  
  OPIN (0,5)  Pad: 1  
 CHANY (0,5)  Track: 1  
 CHANX (1,4)  Track: 0  
 CHANX (2,4)  Track: 0  
  IPIN (2,4)  Pin: 0  
  SINK (2,4)  Class: 0  
 CHANX (1,4)  Track: 0  
 CHANY (1,5)  Track: 0  
 CHANY (1,6)  Track: 0  
  IPIN (2,6)  Pin: 3  
  SINK (2,6)  Class: 0  
 CHANY (1,6)  Track: 0  
 CHANX (2,6)  Track: 0  
 CHANX (3,6)  Track: 0  
  IPIN (3,7)  Pin: 2  
  SINK (3,7)  Class: 0  
 CHANX (2,4)  Track: 0  
 CHANY (2,4)  Track: 1  
 CHANX (3,3)  Track: 0  
 CHANX (4,3)  Track: 0  
 CHANY (4,4)  Track: 0  
  IPIN (5,4)  Pin: 3  
  SINK (5,4)  Class: 0  
 CHANY (4,4)  Track: 0  
 CHANY (4,5)  Track: 0  
 CHANX (5,5)  Track: 0  
 CHANX (6,5)  Track: 0  
 CHANY (6,5)  Track: 1  
  IPIN (7,5)  Pin: 3  
  SINK (7,5)  Class: 0  
 CHANX (6,5)  Track: 0  
 CHANY (6,6)  Track: 0  
 CHANY (6,7)  Track: 0  
  IPIN (7,7)  Pin: 3  
  SINK (7,7)  Class: 0  


Net 10 (N10)

SOURCE (4,0)  Pad: 1  
  OPIN (4,0)  Pad: 1  
 CHANX (4,0)  Track: 1  
 CHANY (3,1)  Track: 0  
 CHANY (3,2)  Track: 0  
  IPIN (4,2)  Pin: 3  
  SINK (4,2)  Class: 0  
 CHANY (3,2)  Track: 0  
 CHANY (3,3)  Track: 0  
  IPIN (3,3)  Pin: 1  
  SINK (3,3)  Class: 0  
 CHANY (3,1)  Track: 0  
 CHANX (3,1)  Track: 1  
  IPIN (3,1)  Pin: 0  
  SINK (3,1)  Class: 0  
 CHANY (3,2)  Track: 0  
 CHANX (4,2)  Track: 0  
 CHANY (4,3)  Track: 0  
  IPIN (5,3)  Pin: 3  
  SINK (5,3)  Class: 0  
 CHANX (4,2)  Track: 0  
 CHANX (5,2)  Track: 0  
 CHANX (6,2)  Track: 0  
  IPIN (6,2)  Pin: 0  
  SINK (6,2)  Class: 0  
 CHANX (6,2)  Track: 0  
 CHANY (6,2)  Track: 1  
 CHANX (7,1)  Track: 0  
  IPIN (7,2)  Pin: 2  
  SINK (7,2)  Class: 0  


Net 11 (N11)

SOURCE (0,2)  Pad: 1  
  OPIN (0,2)  Pad: 1  
 CHANY (0,2)  Track: 3  
 CHANX (1,1)  Track: 2  
 CHANX (2,1)  Track: 2  
  IPIN (2,2)  Pin: 2  
  SINK (2,2)  Class: 0  
 CHANX (2,1)  Track: 2  
 CHANX (3,1)  Track: 2  
 CHANX (4,1)  Track: 2  
 CHANX (5,1)  Track: 2  
  IPIN (5,2)  Pin: 2  
  SINK (5,2)  Class: 0  
 CHANX (2,1)  Track: 2  
 CHANY (2,2)  Track: 2  
 CHANY (2,3)  Track: 2  
 CHANY (2,4)  Track: 2  
 CHANY (2,5)  Track: 2  
  IPIN (3,5)  Pin: 3  
  SINK (3,5)  Class: 0  
 CHANY (2,4)  Track: 2  
 CHANX (2,4)  Track: 3  
 CHANX (1,4)  Track: 3  
  IPIN (1,5)  Pin: 2  
  SINK (1,5)  Class: 0  
 CHANX (5,1)  Track: 2  
 CHANX (6,1)  Track: 2  
 CHANX (7,1)  Track: 2  
 CHANY (7,2)  Track: 2  
 CHANY (7,3)  Track: 2  
 CHANY (7,4)  Track: 2  
 CHANY (7,5)  Track: 2  
  IPIN (8,5)  Pin: 3  
  SINK (8,5)  Class: 0  
 CHANY (7,4)  Track: 2  
  IPIN (8,4)  Pin: 3  
  SINK (8,4)  Class: 0  


Net 12 (N16)

SOURCE (6,0)  Pad: 1  
  OPIN (6,0)  Pad: 1  
 CHANX (6,0)  Track: 2  
  IPIN (6,1)  Pin: 2  
  SINK (6,1)  Class: 0  


Net 13 (N17)

SOURCE (10,4)  Pad: 1  
  OPIN (10,4)  Pad: 1  
 CHANY (9,4)  Track: 3  
 CHANX (9,3)  Track: 3  
 CHANX (8,3)  Track: 3  
  IPIN (8,4)  Pin: 2  
  SINK (8,4)  Class: 0  
 CHANX (9,3)  Track: 3  
 CHANY (8,4)  Track: 2  
 CHANY (8,5)  Track: 2  
  IPIN (8,5)  Pin: 1  
  SINK (8,5)  Class: 0  
 CHANY (8,5)  Track: 2  
 CHANX (8,5)  Track: 3  
 CHANX (7,5)  Track: 3  
  IPIN (7,5)  Pin: 0  
  SINK (7,5)  Class: 0  
 CHANX (7,5)  Track: 3  
  IPIN (7,6)  Pin: 2  
  SINK (7,6)  Class: 0  
 CHANX (8,5)  Track: 3  
 CHANY (7,6)  Track: 2  
 CHANY (7,7)  Track: 2  
  IPIN (7,7)  Pin: 1  
  SINK (7,7)  Class: 0  
 CHANY (7,7)  Track: 2  
  IPIN (8,7)  Pin: 3  
  SINK (8,7)  Class: 0  


Net 14 (N14)

SOURCE (1,0)  Pad: 1  
  OPIN (1,0)  Pad: 1  
 CHANX (1,0)  Track: 3  
  IPIN (1,1)  Pin: 2  
  SINK (1,1)  Class: 0  


Net 15 (N15)

SOURCE (0,7)  Pad: 1  
  OPIN (0,7)  Pad: 1  
 CHANY (0,7)  Track: 0  
 CHANX (1,7)  Track: 0  
 CHANX (2,7)  Track: 0  
 CHANX (3,7)  Track: 0  
  IPIN (3,7)  Pin: 0  
  SINK (3,7)  Class: 0  
 CHANX (3,7)  Track: 0  
 CHANX (4,7)  Track: 0  
  IPIN (4,7)  Pin: 0  
  SINK (4,7)  Class: 0  
 CHANX (3,7)  Track: 0  
 CHANY (3,7)  Track: 1  
 CHANY (3,6)  Track: 1  
  IPIN (3,6)  Pin: 1  
  SINK (3,6)  Class: 0  
 CHANY (3,6)  Track: 1  
 CHANY (3,5)  Track: 1  
  IPIN (3,5)  Pin: 1  
  SINK (3,5)  Class: 0  
 CHANX (2,7)  Track: 0  
 CHANY (2,7)  Track: 1  
 CHANY (2,6)  Track: 1  
  IPIN (2,6)  Pin: 1  
  SINK (2,6)  Class: 0  
 CHANY (2,6)  Track: 1  
 CHANX (2,5)  Track: 1  
 CHANX (1,5)  Track: 1  
  IPIN (1,5)  Pin: 0  
  SINK (1,5)  Class: 0  


Net 16 (N18)

SOURCE (10,7)  Pad: 1  
  OPIN (10,7)  Pad: 1  
 CHANY (9,7)  Track: 3  
 CHANX (9,6)  Track: 3  
 CHANX (8,6)  Track: 3  
  IPIN (8,7)  Pin: 2  
  SINK (8,7)  Class: 0  
 CHANX (8,6)  Track: 3  
 CHANX (7,6)  Track: 3  
  IPIN (7,6)  Pin: 0  
  SINK (7,6)  Class: 0  
 CHANX (8,6)  Track: 3  
 CHANY (7,6)  Track: 3  
 CHANY (7,5)  Track: 3  
 CHANX (7,4)  Track: 3  
 CHANX (6,4)  Track: 3  
 CHANY (5,4)  Track: 3  
 CHANX (6,3)  Track: 2  
  IPIN (6,4)  Pin: 2  
  SINK (6,4)  Class: 0  
 CHANX (6,3)  Track: 2  
  IPIN (6,3)  Pin: 0  
  SINK (6,3)  Class: 0  
 CHANX (7,6)  Track: 3  
 CHANX (6,6)  Track: 3  
 CHANX (5,6)  Track: 3  
 CHANX (4,6)  Track: 3  
  IPIN (4,7)  Pin: 2  
  SINK (4,7)  Class: 0  
 CHANX (4,6)  Track: 3  
 CHANX (3,6)  Track: 3  
  IPIN (3,6)  Pin: 0  
  SINK (3,6)  Class: 0  


Net 17 (N19)

SOURCE (0,3)  Pad: 1  
  OPIN (0,3)  Pad: 1  
 CHANY (0,3)  Track: 3  
 CHANX (1,2)  Track: 2  
 CHANX (2,2)  Track: 2  
 CHANX (3,2)  Track: 2  
  IPIN (3,3)  Pin: 2  
  SINK (3,3)  Class: 0  
 CHANX (3,2)  Track: 2  
 CHANX (4,2)  Track: 2  
 CHANX (5,2)  Track: 2  
  IPIN (5,3)  Pin: 2  
  SINK (5,3)  Class: 0  
 CHANX (5,2)  Track: 2  
 CHANY (5,3)  Track: 2  
 CHANY (5,4)  Track: 2  
 CHANY (5,5)  Track: 2  
 CHANY (5,6)  Track: 2  
  IPIN (6,6)  Pin: 3  
  SINK (6,6)  Class: 0  
 CHANY (5,6)  Track: 2  
 CHANY (5,7)  Track: 2  
  IPIN (6,7)  Pin: 3  
  SINK (6,7)  Class: 0  
  OPIN (0,3)  Pad: 1  
 CHANY (0,3)  Track: 0  
 CHANY (0,4)  Track: 0  
 CHANY (0,5)  Track: 0  
 CHANY (0,6)  Track: 0  
  IPIN (1,6)  Pin: 3  
  SINK (1,6)  Class: 0  
 CHANY (0,6)  Track: 0  
 CHANX (1,6)  Track: 0  
  IPIN (1,7)  Pin: 2  
  SINK (1,7)  Class: 0  


Net 18 (N8)

SOURCE (10,3)  Pad: 1  
  OPIN (10,3)  Pad: 1  
 CHANY (9,3)  Track: 3  
  IPIN (9,3)  Pin: 1  
  SINK (9,3)  Class: 0  
  OPIN (10,3)  Pad: 1  
 CHANY (9,3)  Track: 1  
 CHANX (9,2)  Track: 1  
 CHANX (8,2)  Track: 1  
 CHANX (7,2)  Track: 1  
  IPIN (7,3)  Pin: 2  
  SINK (7,3)  Class: 0  
 CHANX (7,2)  Track: 1  
 CHANY (6,3)  Track: 0  
 CHANY (6,4)  Track: 0  
 CHANY (6,5)  Track: 0  
  IPIN (6,5)  Pin: 1  
  SINK (6,5)  Class: 0  
 CHANY (6,4)  Track: 0  
 CHANX (6,4)  Track: 1  
 CHANY (5,5)  Track: 0  
 CHANY (5,6)  Track: 0  
 CHANY (5,7)  Track: 0  
  IPIN (5,7)  Pin: 1  
  SINK (5,7)  Class: 0  
 CHANY (6,4)  Track: 0  
 CHANX (7,4)  Track: 0  
 CHANY (7,5)  Track: 0  
 CHANY (7,6)  Track: 0  
  IPIN (8,6)  Pin: 3  
  SINK (8,6)  Class: 0  
 CHANY (7,6)  Track: 0  
 CHANX (8,6)  Track: 0  
 CHANX (9,6)  Track: 0  
  IPIN (9,7)  Pin: 2  
  SINK (9,7)  Class: 0  


Net 19 (N9)

SOURCE (10,9)  Pad: 1  
  OPIN (10,9)  Pad: 1  
 CHANY (9,9)  Track: 1  
 CHANY (9,8)  Track: 1  
 CHANY (9,7)  Track: 1  
  IPIN (9,7)  Pin: 1  
  SINK (9,7)  Class: 0  
 CHANY (9,7)  Track: 1  
 CHANX (9,6)  Track: 1  
 CHANX (8,6)  Track: 1  
  IPIN (8,6)  Pin: 0  
  SINK (8,6)  Class: 0  
 CHANX (8,6)  Track: 1  
 CHANY (7,6)  Track: 1  
 CHANY (7,5)  Track: 1  
 CHANY (7,4)  Track: 1  
  IPIN (7,4)  Pin: 1  
  SINK (7,4)  Class: 0  
 CHANY (7,6)  Track: 1  
 CHANX (7,5)  Track: 1  
 CHANX (6,5)  Track: 1  
 CHANY (5,5)  Track: 1  
  IPIN (5,5)  Pin: 1  
  SINK (5,5)  Class: 0  
 CHANX (6,5)  Track: 1  
 CHANX (5,5)  Track: 1  
 CHANY (4,6)  Track: 0  
 CHANY (4,7)  Track: 0  
 CHANY (4,8)  Track: 0  
  IPIN (5,8)  Pin: 3  
  SINK (5,8)  Class: 0  
 CHANY (7,4)  Track: 1  
 CHANY (7,3)  Track: 1  
 CHANY (7,2)  Track: 1  
 CHANY (7,1)  Track: 1  
  IPIN (7,1)  Pin: 1  
  SINK (7,1)  Class: 0  


Net 20 (N1)

SOURCE (9,10)  Pad: 1  
  OPIN (9,10)  Pad: 1  
 CHANX (9,9)  Track: 3  
  IPIN (9,9)  Pin: 0  
  SINK (9,9)  Class: 0  


Net 21 (N2)

SOURCE (9,0)  Pad: 1  
  OPIN (9,0)  Pad: 1  
 CHANX (9,0)  Track: 3  
  IPIN (9,1)  Pin: 2  
  SINK (9,1)  Class: 0  


Net 22 (N3)

SOURCE (0,9)  Pad: 1  
  OPIN (0,9)  Pad: 1  
 CHANY (0,9)  Track: 3  
  IPIN (1,9)  Pin: 3  
  SINK (1,9)  Class: 0  


Net 23 (N4)

SOURCE (2,0)  Pad: 1  
  OPIN (2,0)  Pad: 1  
 CHANX (2,0)  Track: 3  
  IPIN (2,1)  Pin: 2  
  SINK (2,1)  Class: 0  
 CHANX (2,0)  Track: 3  
 CHANY (1,1)  Track: 2  
 CHANY (1,2)  Track: 2  
 CHANY (1,3)  Track: 2  
 CHANX (2,3)  Track: 2  
  IPIN (2,3)  Pin: 0  
  SINK (2,3)  Class: 0  
 CHANX (2,3)  Track: 2  
 CHANX (3,3)  Track: 2  
  IPIN (3,4)  Pin: 2  
  SINK (3,4)  Class: 0  
  OPIN (2,0)  Pad: 1  
 CHANX (2,0)  Track: 2  
 CHANX (3,0)  Track: 2  
 CHANX (4,0)  Track: 2  
  IPIN (4,1)  Pin: 2  
  SINK (4,1)  Class: 0  
  OPIN (2,0)  Pad: 1  
 CHANX (2,0)  Track: 0  
 CHANX (3,0)  Track: 0  
 CHANX (4,0)  Track: 0  
 CHANX (5,0)  Track: 0  
 CHANX (6,0)  Track: 0  
 CHANX (7,0)  Track: 0  
  IPIN (7,1)  Pin: 2  
  SINK (7,1)  Class: 0  
 CHANX (7,0)  Track: 0  
 CHANX (8,0)  Track: 0  
 CHANY (8,1)  Track: 0  
 CHANY (8,2)  Track: 0  
 CHANY (8,3)  Track: 0  
 CHANY (8,4)  Track: 0  
 CHANX (8,4)  Track: 1  
 CHANX (7,4)  Track: 1  
  IPIN (7,4)  Pin: 0  
  SINK (7,4)  Class: 0  


Net 24 (N5)

SOURCE (1,10)  Pad: 1  
  OPIN (1,10)  Pad: 1  
 CHANX (1,9)  Track: 2  
 CHANY (1,9)  Track: 3  
  IPIN (2,9)  Pin: 3  
  SINK (2,9)  Class: 0  


Net 25 (N6)

SOURCE (4,10)  Pad: 1  
  OPIN (4,10)  Pad: 1  
 CHANX (4,9)  Track: 3  
  IPIN (4,9)  Pin: 0  
  SINK (4,9)  Class: 0  


Net 26 (N7)

SOURCE (10,1)  Pad: 1  
  OPIN (10,1)  Pad: 1  
 CHANY (9,1)  Track: 0  
 CHANY (9,2)  Track: 0  
 CHANY (9,3)  Track: 0  
 CHANX (9,3)  Track: 1  
  IPIN (9,3)  Pin: 0  
  SINK (9,3)  Class: 0  
 CHANX (9,3)  Track: 1  
 CHANX (8,3)  Track: 1  
 CHANX (7,3)  Track: 1  
  IPIN (7,3)  Pin: 0  
  SINK (7,3)  Class: 0  
 CHANY (9,1)  Track: 0  
 CHANX (9,1)  Track: 1  
 CHANX (8,1)  Track: 1  
 CHANX (7,1)  Track: 1  
 CHANX (6,1)  Track: 1  
 CHANX (5,1)  Track: 1  
 CHANX (4,1)  Track: 1  
  IPIN (4,1)  Pin: 0  
  SINK (4,1)  Class: 0  
 CHANX (5,1)  Track: 1  
 CHANY (4,2)  Track: 0  
 CHANX (4,2)  Track: 1  
 CHANX (3,2)  Track: 1  
 CHANY (2,2)  Track: 1  
 CHANY (2,1)  Track: 1  
  IPIN (2,1)  Pin: 1  
  SINK (2,1)  Class: 0  
 CHANX (7,3)  Track: 1  
 CHANX (6,3)  Track: 1  
 CHANX (5,3)  Track: 1  
 CHANX (4,3)  Track: 1  
 CHANY (3,4)  Track: 0  
 CHANX (3,4)  Track: 1  
 CHANX (2,4)  Track: 1  
  IPIN (2,5)  Pin: 2  
  SINK (2,5)  Class: 0  
 CHANY (3,4)  Track: 0  
 CHANY (3,5)  Track: 0  
  IPIN (4,5)  Pin: 3  
  SINK (4,5)  Class: 0  


Net 27 (N110)

SOURCE (6,9)  Class: 1  
  OPIN (6,9)  Pin: 4  
 CHANX (6,9)  Track: 3  
  IPIN (6,10)  Pad: 0  
  SINK (6,10)  Pad: 0  


Net 28 (N28)

SOURCE (6,4)  Class: 1  
  OPIN (6,4)  Pin: 4  
 CHANX (6,4)  Track: 2  
 CHANX (7,4)  Track: 2  
 CHANX (8,4)  Track: 2  
 CHANX (9,4)  Track: 2  
  IPIN (9,4)  Pin: 0  
  SINK (9,4)  Class: 0  


Net 29 (N85)

SOURCE (7,1)  Class: 1  
  OPIN (7,1)  Pin: 5  
 CHANY (7,1)  Track: 0  
 CHANY (7,2)  Track: 0  
  IPIN (7,2)  Pin: 1  
  SINK (7,2)  Class: 0  


Net 30 (N84)

SOURCE (2,9)  Class: 1  
  OPIN (2,9)  Pin: 5  
 CHANY (2,9)  Track: 2  
  IPIN (3,9)  Pin: 3  
  SINK (3,9)  Class: 0  


Net 31 (N114)

SOURCE (8,1)  Class: 1  
  OPIN (8,1)  Pin: 6  
 CHANX (8,0)  Track: 3  
  IPIN (8,0)  Pad: 0  
  SINK (8,0)  Pad: 0  


Net 32 (N86)

SOURCE (5,8)  Class: 1  
  OPIN (5,8)  Pin: 7  
 CHANY (4,8)  Track: 3  
  IPIN (4,8)  Pin: 1  
  SINK (4,8)  Class: 0  


Net 33 (N81)

SOURCE (9,1)  Class: 1  
  OPIN (9,1)  Pin: 7  
 CHANY (8,1)  Track: 3  
  IPIN (8,1)  Pin: 1  
  SINK (8,1)  Class: 0  


Net 34 (N80)

SOURCE (7,9)  Class: 1  
  OPIN (7,9)  Pin: 7  
 CHANY (6,9)  Track: 3  
  IPIN (6,9)  Pin: 1  
  SINK (6,9)  Class: 0  


Net 35 (N83)

SOURCE (6,1)  Class: 1  
  OPIN (6,1)  Pin: 7  
 CHANY (5,1)  Track: 3  
  IPIN (5,1)  Pin: 1  
  SINK (5,1)  Class: 0  


Net 36 (N82)

SOURCE (9,9)  Class: 1  
  OPIN (9,9)  Pin: 7  
 CHANY (8,9)  Track: 3  
  IPIN (8,9)  Pin: 1  
  SINK (8,9)  Class: 0  


Net 37 (N89)

SOURCE (7,8)  Class: 1  
  OPIN (7,8)  Pin: 5  
 CHANY (7,8)  Track: 2  
  IPIN (8,8)  Pin: 3  
  SINK (8,8)  Class: 0  


Net 38 (N88)

SOURCE (8,7)  Class: 1  
  OPIN (8,7)  Pin: 4  
 CHANX (8,7)  Track: 0  
  IPIN (8,8)  Pin: 2  
  SINK (8,8)  Class: 0  


Net 39 (N38)

SOURCE (8,3)  Class: 1  
  OPIN (8,3)  Pin: 6  
 CHANX (8,2)  Track: 2  
  IPIN (8,2)  Pin: 0  
  SINK (8,2)  Class: 0  


Net 40 (N39)

SOURCE (1,6)  Class: 1  
  OPIN (1,6)  Pin: 5  
 CHANY (1,6)  Track: 1  
 CHANX (2,5)  Track: 0  
  IPIN (2,6)  Pin: 2  
  SINK (2,6)  Class: 0  


Net 41 (N30)

SOURCE (9,4)  Class: 1  
  OPIN (9,4)  Pin: 4  
 CHANX (9,4)  Track: 3  
  IPIN (9,5)  Pin: 2  
  SINK (9,5)  Class: 0  


Net 42 (N31)

SOURCE (1,4)  Class: 1  
  OPIN (1,4)  Pin: 6  
 CHANX (1,3)  Track: 2  
  IPIN (1,3)  Pin: 0  
  SINK (1,3)  Class: 0  


Net 43 (N32)

SOURCE (2,6)  Class: 1  
  OPIN (2,6)  Pin: 5  
 CHANY (2,6)  Track: 0  
 CHANY (2,7)  Track: 0  
 CHANY (2,8)  Track: 0  
  IPIN (2,8)  Pin: 1  
  SINK (2,8)  Class: 0  


Net 44 (N33)

SOURCE (6,7)  Class: 1  
  OPIN (6,7)  Pin: 4  
 CHANX (6,7)  Track: 2  
  IPIN (6,8)  Pin: 2  
  SINK (6,8)  Class: 0  


Net 45 (N34)

SOURCE (6,2)  Class: 1  
  OPIN (6,2)  Pin: 7  
 CHANY (5,2)  Track: 0  
 CHANY (5,3)  Track: 0  
 CHANY (5,4)  Track: 0  
  IPIN (6,4)  Pin: 3  
  SINK (6,4)  Class: 0  


Net 46 (N35)

SOURCE (8,4)  Class: 1  
  OPIN (8,4)  Pin: 5  
 CHANY (8,4)  Track: 1  
  IPIN (9,4)  Pin: 3  
  SINK (9,4)  Class: 0  


Net 47 (N36)

SOURCE (5,6)  Class: 1  
  OPIN (5,6)  Pin: 7  
 CHANY (4,6)  Track: 2  
 CHANY (4,7)  Track: 2  
 CHANY (4,8)  Track: 2  
 CHANY (4,9)  Track: 2  
  IPIN (5,9)  Pin: 3  
  SINK (5,9)  Class: 0  


Net 48 (N37)

SOURCE (1,3)  Class: 1  
  OPIN (1,3)  Pin: 6  
 CHANX (1,2)  Track: 3  
  IPIN (1,2)  Pin: 0  
  SINK (1,2)  Class: 0  


Net 49 (N98)

SOURCE (7,5)  Class: 1  
  OPIN (7,5)  Pin: 4  
 CHANX (7,5)  Track: 0  
 CHANX (8,5)  Track: 0  
 CHANY (8,6)  Track: 0  
 CHANY (8,7)  Track: 0  
 CHANX (8,7)  Track: 1  
 CHANX (7,7)  Track: 1  
 CHANX (6,7)  Track: 1  
 CHANY (5,7)  Track: 1  
 CHANX (5,6)  Track: 1  
 CHANY (4,6)  Track: 1  
 CHANY (4,5)  Track: 1  
  IPIN (5,5)  Pin: 3  
  SINK (5,5)  Class: 0  


Net 50 (N99)

SOURCE (9,6)  Class: 1  
  OPIN (9,6)  Pin: 6  
 CHANX (9,5)  Track: 3  
  IPIN (9,5)  Pin: 0  
  SINK (9,5)  Class: 0  


Net 51 (N92)

SOURCE (8,6)  Class: 1  
  OPIN (8,6)  Pin: 4  
 CHANX (8,6)  Track: 2  
 CHANY (8,7)  Track: 2  
  IPIN (8,7)  Pin: 1  
  SINK (8,7)  Class: 0  


Net 52 (N93)

SOURCE (7,6)  Class: 1  
  OPIN (7,6)  Pin: 4  
 CHANX (7,6)  Track: 0  
 CHANY (7,7)  Track: 0  
 CHANY (7,8)  Track: 0  
  IPIN (7,8)  Pin: 1  
  SINK (7,8)  Class: 0  


Net 53 (N90)

SOURCE (7,4)  Class: 1  
  OPIN (7,4)  Pin: 5  
 CHANY (7,4)  Track: 0  
 CHANX (8,4)  Track: 0  
  IPIN (8,4)  Pin: 0  
  SINK (8,4)  Class: 0  


Net 54 (N91)

SOURCE (4,3)  Class: 1  
  OPIN (4,3)  Pin: 5  
 CHANY (4,3)  Track: 3  
 CHANY (4,2)  Track: 3  
 CHANY (4,1)  Track: 3  
  IPIN (5,1)  Pin: 3  
  SINK (5,1)  Class: 0  


Net 55 (N96)

SOURCE (3,6)  Class: 1  
  OPIN (3,6)  Pin: 5  
 CHANY (3,6)  Track: 0  
 CHANX (4,6)  Track: 0  
  IPIN (4,6)  Pin: 0  
  SINK (4,6)  Class: 0  


Net 56 (N97)

SOURCE (5,5)  Class: 1  
  OPIN (5,5)  Pin: 4  
 CHANX (5,5)  Track: 3  
  IPIN (5,6)  Pin: 2  
  SINK (5,6)  Class: 0  


Net 57 (N94)

SOURCE (4,4)  Class: 1  
  OPIN (4,4)  Pin: 6  
 CHANX (4,3)  Track: 2  
  IPIN (4,3)  Pin: 0  
  SINK (4,3)  Class: 0  


Net 58 (N95)

SOURCE (5,3)  Class: 1  
  OPIN (5,3)  Pin: 4  
 CHANX (5,3)  Track: 3  
  IPIN (5,4)  Pin: 2  
  SINK (5,4)  Class: 0  


Net 59 (N107)

SOURCE (4,9)  Class: 1  
  OPIN (4,9)  Pin: 5  
 CHANY (4,9)  Track: 1  
 CHANX (5,8)  Track: 0  
  IPIN (5,9)  Pin: 2  
  SINK (5,9)  Class: 0  


Net 60 (N106)

SOURCE (1,5)  Class: 1  
  OPIN (1,5)  Pin: 6  
 CHANX (1,4)  Track: 2  
  IPIN (1,4)  Pin: 0  
  SINK (1,4)  Class: 0  


Net 61 (N105)

SOURCE (4,5)  Class: 1  
  OPIN (4,5)  Pin: 6  
 CHANX (4,4)  Track: 3  
  IPIN (4,4)  Pin: 0  
  SINK (4,4)  Class: 0  


Net 62 (N104)

SOURCE (2,1)  Class: 1  
  OPIN (2,1)  Pin: 4  
 CHANX (2,1)  Track: 1  
 CHANY (1,2)  Track: 0  
  IPIN (2,2)  Pin: 3  
  SINK (2,2)  Class: 0  


Net 63 (N103)

SOURCE (5,2)  Class: 1  
  OPIN (5,2)  Pin: 4  
 CHANX (5,2)  Track: 3  
 CHANX (4,2)  Track: 3  
  IPIN (4,2)  Pin: 0  
  SINK (4,2)  Class: 0  


Net 64 (N102)

SOURCE (9,7)  Class: 1  
  OPIN (9,7)  Pin: 4  
 CHANX (9,7)  Track: 1  
 CHANY (8,8)  Track: 0  
  IPIN (9,8)  Pin: 3  
  SINK (9,8)  Class: 0  


Net 65 (N101)

SOURCE (9,8)  Class: 1  
  OPIN (9,8)  Pin: 7  
 CHANY (8,8)  Track: 3  
  IPIN (8,8)  Pin: 1  
  SINK (8,8)  Class: 0  


Net 66 (N100)

SOURCE (3,2)  Class: 1  
  OPIN (3,2)  Pin: 5  
 CHANY (3,2)  Track: 2  
 CHANY (3,3)  Track: 2  
 CHANY (3,4)  Track: 2  
 CHANY (3,5)  Track: 2  
 CHANY (3,6)  Track: 2  
 CHANY (3,7)  Track: 2  
 CHANX (4,7)  Track: 2  
 CHANX (5,7)  Track: 2  
 CHANY (5,8)  Track: 2  
 CHANX (5,8)  Track: 3  
 CHANX (4,8)  Track: 3  
 CHANX (3,8)  Track: 3  
  IPIN (3,9)  Pin: 2  
  SINK (3,9)  Class: 0  


Net 67 (N116)

SOURCE (5,1)  Class: 1  
  OPIN (5,1)  Pin: 6  
 CHANX (5,0)  Track: 2  
  IPIN (5,0)  Pad: 0  
  SINK (5,0)  Pad: 0  


Net 68 (N67)

SOURCE (2,2)  Class: 1  
  OPIN (2,2)  Pin: 5  
 CHANY (2,2)  Track: 3  
  IPIN (3,2)  Pin: 3  
  SINK (3,2)  Class: 0  


Net 69 (N66)

SOURCE (1,7)  Class: 1  
  OPIN (1,7)  Pin: 5  
 CHANY (1,7)  Track: 1  
  IPIN (2,7)  Pin: 3  
  SINK (2,7)  Class: 0  


Net 70 (N65)

SOURCE (2,7)  Class: 1  
  OPIN (2,7)  Pin: 4  
 CHANX (2,7)  Track: 3  
  IPIN (2,8)  Pin: 2  
  SINK (2,8)  Class: 0  


Net 71 (N64)

SOURCE (2,4)  Class: 1  
  OPIN (2,4)  Pin: 7  
 CHANY (1,4)  Track: 2  
 CHANY (1,5)  Track: 2  
  IPIN (2,5)  Pin: 3  
  SINK (2,5)  Class: 0  


Net 72 (N63)

SOURCE (6,8)  Class: 1  
  OPIN (6,8)  Pin: 4  
 CHANX (6,8)  Track: 3  
  IPIN (6,9)  Pin: 2  
  SINK (6,9)  Class: 0  


Net 73 (N62)

SOURCE (1,1)  Class: 1  
  OPIN (1,1)  Pin: 4  
 CHANX (1,1)  Track: 3  
  IPIN (1,2)  Pin: 2  
  SINK (1,2)  Class: 0  


Net 74 (N61)

SOURCE (4,6)  Class: 1  
  OPIN (4,6)  Pin: 4  
 CHANX (4,6)  Track: 1  
 CHANY (3,7)  Track: 0  
 CHANY (3,8)  Track: 0  
 CHANX (4,8)  Track: 0  
 CHANY (4,8)  Track: 1  
 CHANY (4,7)  Track: 1  
 CHANX (5,6)  Track: 0  
  IPIN (5,6)  Pin: 0  
  SINK (5,6)  Class: 0  


Net 75 (N60)

SOURCE (6,5)  Class: 1  
  OPIN (6,5)  Pin: 4  
 CHANX (6,5)  Track: 3  
  IPIN (6,6)  Pin: 2  
  SINK (6,6)  Class: 0  


Net 76 (N69)

SOURCE (3,1)  Class: 1  
  OPIN (3,1)  Pin: 4  
 CHANX (3,1)  Track: 3  
  IPIN (3,2)  Pin: 2  
  SINK (3,2)  Class: 0  


Net 77 (N117)

SOURCE (3,9)  Class: 1  
  OPIN (3,9)  Pin: 4  
 CHANX (3,9)  Track: 3  
  IPIN (3,10)  Pad: 0  
  SINK (3,10)  Pad: 0  


Net 78 (N74)

SOURCE (2,8)  Class: 1  
  OPIN (2,8)  Pin: 7  
 CHANY (1,8)  Track: 3  
  IPIN (1,8)  Pin: 1  
  SINK (1,8)  Class: 0  


Net 79 (N75)

SOURCE (4,1)  Class: 1  
  OPIN (4,1)  Pin: 7  
 CHANY (3,1)  Track: 3  
  IPIN (3,1)  Pin: 1  
  SINK (3,1)  Class: 0  


Net 80 (N113)

SOURCE (5,9)  Class: 1  
  OPIN (5,9)  Pin: 4  
 CHANX (5,9)  Track: 3  
  IPIN (5,10)  Pad: 0  
  SINK (5,10)  Pad: 0  


Net 81 (N115)

SOURCE (1,8)  Class: 1  
  OPIN (1,8)  Pin: 7  
 CHANY (0,8)  Track: 3  
  IPIN (0,8)  Pad: 0  
  SINK (0,8)  Pad: 0  


Net 82 (N70)

SOURCE (4,2)  Class: 1  
  OPIN (4,2)  Pin: 7  
 CHANY (3,2)  Track: 3  
  IPIN (3,2)  Pin: 1  
  SINK (3,2)  Class: 0  


Net 83 (N71)

SOURCE (3,4)  Class: 1  
  OPIN (3,4)  Pin: 5  
 CHANY (3,4)  Track: 1  
 CHANY (3,3)  Track: 1  
  IPIN (4,3)  Pin: 3  
  SINK (4,3)  Class: 0  


Net 84 (N72)

SOURCE (3,5)  Class: 1  
  OPIN (3,5)  Pin: 6  
 CHANX (3,4)  Track: 3  
 CHANY (2,4)  Track: 3  
  IPIN (3,4)  Pin: 3  
  SINK (3,4)  Class: 0  


Net 85 (N73)

SOURCE (5,4)  Class: 1  
  OPIN (5,4)  Pin: 7  
 CHANY (4,4)  Track: 1  
 CHANY (4,3)  Track: 1  
  IPIN (4,3)  Pin: 1  
  SINK (4,3)  Class: 0  


Net 86 (N78)

SOURCE (2,3)  Class: 1  
  OPIN (2,3)  Pin: 5  
 CHANY (2,3)  Track: 1  
  IPIN (3,3)  Pin: 3  
  SINK (3,3)  Class: 0  


Net 87 (N112)

SOURCE (1,2)  Class: 1  
  OPIN (1,2)  Pin: 7  
 CHANY (0,2)  Track: 1  
 CHANY (0,1)  Track: 1  
  IPIN (0,1)  Pad: 0  
  SINK (0,1)  Pad: 0  


Net 88 (N109)

SOURCE (9,5)  Class: 1  
  OPIN (9,5)  Pin: 5  
 CHANY (9,5)  Track: 2  
  IPIN (10,5)  Pad: 0  
  SINK (10,5)  Pad: 0  


Net 89 (N48)

SOURCE (4,7)  Class: 1  
  OPIN (4,7)  Pin: 4  
 CHANX (4,7)  Track: 1  
 CHANX (3,7)  Track: 1  
 CHANX (2,7)  Track: 1  
 CHANY (1,8)  Track: 0  
 CHANX (2,8)  Track: 0  
 CHANX (3,8)  Track: 0  
 CHANY (3,9)  Track: 0  
 CHANX (4,9)  Track: 0  
 CHANX (5,9)  Track: 0  
 CHANY (5,9)  Track: 1  
 CHANY (5,8)  Track: 1  
 CHANX (5,7)  Track: 1  
  IPIN (5,7)  Pin: 0  
  SINK (5,7)  Class: 0  


Net 90 (N41)

SOURCE (4,8)  Class: 1  
  OPIN (4,8)  Pin: 7  
 CHANY (3,8)  Track: 2  
 CHANY (3,9)  Track: 2  
 CHANX (4,9)  Track: 2  
 CHANX (5,9)  Track: 2  
 CHANY (5,9)  Track: 3  
 CHANY (5,8)  Track: 3  
  IPIN (6,8)  Pin: 3  
  SINK (6,8)  Class: 0  


Net 91 (N40)

SOURCE (7,7)  Class: 1  
  OPIN (7,7)  Pin: 7  
 CHANY (6,7)  Track: 1  
 CHANX (6,6)  Track: 1  
  IPIN (6,7)  Pin: 2  
  SINK (6,7)  Class: 0  


Net 92 (N43)

SOURCE (7,2)  Class: 1  
  OPIN (7,2)  Pin: 5  
 CHANY (7,2)  Track: 3  
  IPIN (8,2)  Pin: 3  
  SINK (8,2)  Class: 0  


Net 93 (N42)

SOURCE (2,5)  Class: 1  
  OPIN (2,5)  Pin: 7  
 CHANY (1,5)  Track: 1  
 CHANY (1,4)  Track: 1  
 CHANY (1,3)  Track: 1  
  IPIN (1,3)  Pin: 1  
  SINK (1,3)  Class: 0  


Net 94 (N45)

SOURCE (7,3)  Class: 1  
  OPIN (7,3)  Pin: 6  
 CHANX (7,2)  Track: 0  
 CHANX (8,2)  Track: 0  
 CHANY (8,2)  Track: 1  
  IPIN (8,2)  Pin: 1  
  SINK (8,2)  Class: 0  


Net 95 (N111)

SOURCE (8,9)  Class: 1  
  OPIN (8,9)  Pin: 4  
 CHANX (8,9)  Track: 3  
  IPIN (8,10)  Pad: 0  
  SINK (8,10)  Pad: 0  


Net 96 (N47)

SOURCE (5,7)  Class: 1  
  OPIN (5,7)  Pin: 4  
 CHANX (5,7)  Track: 0  
 CHANX (6,7)  Track: 0  
 CHANY (6,8)  Track: 0  
  IPIN (6,8)  Pin: 1  
  SINK (6,8)  Class: 0  


Net 97 (N46)

SOURCE (6,3)  Class: 1  
  OPIN (6,3)  Pin: 5  
 CHANY (6,3)  Track: 1  
  IPIN (7,3)  Pin: 3  
  SINK (7,3)  Class: 0  


Net 98 (N58)

SOURCE (3,3)  Class: 1  
  OPIN (3,3)  Pin: 4  
 CHANX (3,3)  Track: 1  
 CHANX (2,3)  Track: 1  
 CHANX (1,3)  Track: 1  
 CHANY (0,3)  Track: 1  
  IPIN (1,3)  Pin: 3  
  SINK (1,3)  Class: 0  


Net 99 (N59)

SOURCE (3,7)  Class: 1  
  OPIN (3,7)  Pin: 4  
 CHANX (3,7)  Track: 3  
  IPIN (3,8)  Pin: 2  
  SINK (3,8)  Class: 0  


Net 100 (N56)

SOURCE (8,2)  Class: 1  
  OPIN (8,2)  Pin: 6  
 CHANX (8,1)  Track: 3  
  IPIN (8,1)  Pin: 0  
  SINK (8,1)  Class: 0  


Net 101 (N57)

SOURCE (1,9)  Class: 1  
  OPIN (1,9)  Pin: 6  
 CHANX (1,8)  Track: 3  
  IPIN (1,8)  Pin: 0  
  SINK (1,8)  Class: 0  


Net 102 (N54)

SOURCE (6,6)  Class: 1  
  OPIN (6,6)  Pin: 7  
 CHANY (5,6)  Track: 1  
  IPIN (5,6)  Pin: 1  
  SINK (5,6)  Class: 0  


Net 103 (N55)

SOURCE (3,8)  Class: 1  
  OPIN (3,8)  Pin: 4  
 CHANX (3,8)  Track: 1  
 CHANX (2,8)  Track: 1  
  IPIN (2,8)  Pin: 0  
  SINK (2,8)  Class: 0  


Net 104 (N52)

SOURCE (8,5)  Class: 1  
  OPIN (8,5)  Pin: 6  
 CHANX (8,4)  Track: 3  
 CHANY (7,4)  Track: 3  
 CHANY (7,3)  Track: 3  
  IPIN (8,3)  Pin: 3  
  SINK (8,3)  Class: 0  


Net 105 (N53)

SOURCE (8,8)  Class: 1  
  OPIN (8,8)  Pin: 4  
 CHANX (8,8)  Track: 3  
  IPIN (8,9)  Pin: 2  
  SINK (8,9)  Class: 0  


Net 106 (N50)

SOURCE (9,3)  Class: 1  
  OPIN (9,3)  Pin: 4  
 CHANX (9,3)  Track: 2  
  IPIN (9,4)  Pin: 2  
  SINK (9,4)  Class: 0  


Net 107 (N51)

SOURCE (9,2)  Class: 1  
  OPIN (9,2)  Pin: 4  
 CHANX (9,2)  Track: 2  
  IPIN (9,3)  Pin: 2  
  SINK (9,3)  Class: 0  
