Array size: 9 x 9 logic blocks.

Routing:

Net 0 (N23)

SOURCE (3,0)  Pad: 1  
  OPIN (3,0)  Pad: 1  
 CHANX (3,0)  Track: 3  
 CHANY (2,1)  Track: 2  
 CHANY (2,2)  Track: 2  
  IPIN (3,2)  Pin: 3  
  SINK (3,2)  Class: 0  
  OPIN (3,0)  Pad: 1  
 CHANX (3,0)  Track: 0  
 CHANX (4,0)  Track: 0  
  IPIN (4,1)  Pin: 2  
  SINK (4,1)  Class: 0  
 CHANX (4,0)  Track: 0  
 CHANX (5,0)  Track: 0  
 CHANY (5,1)  Track: 0  
 CHANY (5,2)  Track: 0  
  IPIN (6,2)  Pin: 3  
  SINK (6,2)  Class: 0  


Net 1 (N22)

SOURCE (10,4)  Pad: 1  
  OPIN (10,4)  Pad: 1  
 CHANY (9,4)  Track: 3  
 CHANX (9,3)  Track: 3  
 CHANX (8,3)  Track: 3  
  IPIN (8,4)  Pin: 2  
  SINK (8,4)  Class: 0  
 CHANX (8,3)  Track: 3  
  IPIN (8,3)  Pin: 0  
  SINK (8,3)  Class: 0  
 CHANX (9,3)  Track: 3  
 CHANY (8,3)  Track: 3  
 CHANY (8,2)  Track: 3  
  IPIN (8,2)  Pin: 1  
  SINK (8,2)  Class: 0  


Net 2 (N21)

SOURCE (2,10)  Pad: 1  
  OPIN (2,10)  Pad: 1  
 CHANX (2,9)  Track: 2  
 CHANY (2,9)  Track: 3  
 CHANY (2,8)  Track: 3  
 CHANY (2,7)  Track: 3  
 CHANY (2,6)  Track: 3  
 CHANY (2,5)  Track: 3  
  IPIN (3,5)  Pin: 3  
  SINK (3,5)  Class: 0  


Net 3 (N20)

SOURCE (6,0)  Pad: 1  
  OPIN (6,0)  Pad: 1  
 CHANX (6,0)  Track: 3  
 CHANX (5,0)  Track: 3  
  IPIN (5,1)  Pin: 2  
  SINK (5,1)  Class: 0  
 CHANX (5,0)  Track: 3  
 CHANY (4,1)  Track: 2  
 CHANY (4,2)  Track: 2  
  IPIN (4,2)  Pin: 1  
  SINK (4,2)  Class: 0  
  OPIN (6,0)  Pad: 1  
 CHANX (6,0)  Track: 2  
 CHANY (6,1)  Track: 2  
 CHANY (6,2)  Track: 2  
  IPIN (7,2)  Pin: 3  
  SINK (7,2)  Class: 0  


Net 4 (N27)

SOURCE (10,8)  Pad: 1  
  OPIN (10,8)  Pad: 1  
 CHANY (9,8)  Track: 3  
 CHANY (9,7)  Track: 3  
 CHANY (9,6)  Track: 3  
 CHANY (9,5)  Track: 3  
 CHANX (9,4)  Track: 3  
  IPIN (9,4)  Pin: 0  
  SINK (9,4)  Class: 0  


Net 5 (N26)

SOURCE (2,0)  Pad: 1  
  OPIN (2,0)  Pad: 1  
 CHANX (2,0)  Track: 3  
 CHANY (1,1)  Track: 2  
 CHANY (1,2)  Track: 2  
  IPIN (2,2)  Pin: 3  
  SINK (2,2)  Class: 0  
  OPIN (2,0)  Pad: 1  
 CHANX (2,0)  Track: 0  
 CHANY (2,1)  Track: 0  
  IPIN (3,1)  Pin: 3  
  SINK (3,1)  Class: 0  
 CHANY (2,1)  Track: 0  
 CHANX (3,1)  Track: 0  
 CHANX (4,1)  Track: 0  
 CHANX (5,1)  Track: 0  
 CHANX (6,1)  Track: 0  
 CHANX (7,1)  Track: 0  
 CHANX (8,1)  Track: 0  
  IPIN (8,2)  Pin: 2  
  SINK (8,2)  Class: 0  


Net 6 (N25)

SOURCE (10,6)  Pad: 1  
  OPIN (10,6)  Pad: 1  
 CHANY (9,6)  Track: 1  
 CHANY (9,5)  Track: 1  
 CHANX (9,4)  Track: 1  
 CHANX (8,4)  Track: 1  
 CHANX (7,4)  Track: 1  
  IPIN (7,4)  Pin: 0  
  SINK (7,4)  Class: 0  
 CHANX (7,4)  Track: 1  
 CHANY (6,4)  Track: 1  
 CHANY (6,3)  Track: 1  
  IPIN (7,3)  Pin: 3  
  SINK (7,3)  Class: 0  
 CHANY (6,3)  Track: 1  
 CHANX (7,2)  Track: 0  
  IPIN (7,2)  Pin: 0  
  SINK (7,2)  Class: 0  


Net 7 (N24)

SOURCE (0,7)  Pad: 1  
  OPIN (0,7)  Pad: 1  
 CHANY (0,7)  Track: 3  
 CHANY (0,6)  Track: 3  
 CHANY (0,5)  Track: 3  
 CHANY (0,4)  Track: 3  
 CHANY (0,3)  Track: 3  
  IPIN (1,3)  Pin: 3  
  SINK (1,3)  Class: 0  


Net 8 (N8)

SOURCE (0,6)  Pad: 1  
  OPIN (0,6)  Pad: 1  
 CHANY (0,6)  Track: 1  
 CHANY (0,5)  Track: 1  
 CHANX (1,4)  Track: 0  
 CHANX (2,4)  Track: 0  
 CHANX (3,4)  Track: 0  
  IPIN (3,4)  Pin: 0  
  SINK (3,4)  Class: 0  
 CHANX (3,4)  Track: 0  
 CHANY (3,4)  Track: 1  
 CHANY (3,3)  Track: 1  
  IPIN (3,3)  Pin: 1  
  SINK (3,3)  Class: 0  
 CHANY (3,3)  Track: 1  
 CHANY (3,2)  Track: 1  
  IPIN (3,2)  Pin: 1  
  SINK (3,2)  Class: 0  


Net 9 (N9)

SOURCE (4,0)  Pad: 1  
  OPIN (4,0)  Pad: 1  
 CHANX (4,0)  Track: 3  
 CHANY (3,1)  Track: 2  
  IPIN (4,1)  Pin: 3  
  SINK (4,1)  Class: 0  
 CHANY (3,1)  Track: 2  
 CHANY (3,2)  Track: 2  
 CHANY (3,3)  Track: 2  
 CHANY (3,4)  Track: 2  
  IPIN (4,4)  Pin: 3  
  SINK (4,4)  Class: 0  
 CHANY (3,2)  Track: 2  
 CHANX (4,2)  Track: 2  
 CHANX (5,2)  Track: 2  
  IPIN (5,3)  Pin: 2  
  SINK (5,3)  Class: 0  


Net 10 (N1)

SOURCE (10,5)  Pad: 1  
  OPIN (10,5)  Pad: 1  
 CHANY (9,5)  Track: 2  
 CHANX (9,5)  Track: 3  
 CHANX (8,5)  Track: 3  
 CHANX (7,5)  Track: 3  
 CHANY (6,5)  Track: 3  
 CHANY (6,4)  Track: 3  
  IPIN (6,4)  Pin: 1  
  SINK (6,4)  Class: 0  
 CHANY (6,4)  Track: 3  
 CHANY (6,3)  Track: 3  
  IPIN (6,3)  Pin: 1  
  SINK (6,3)  Class: 0  
 CHANY (6,3)  Track: 3  
 CHANY (6,2)  Track: 3  
  IPIN (6,2)  Pin: 1  
  SINK (6,2)  Class: 0  


Net 11 (N2)

SOURCE (10,1)  Pad: 1  
  OPIN (10,1)  Pad: 1  
 CHANY (9,1)  Track: 3  
  IPIN (9,1)  Pin: 1  
  SINK (9,1)  Class: 0  


Net 12 (N3)

SOURCE (9,10)  Pad: 1  
  OPIN (9,10)  Pad: 1  
 CHANX (9,9)  Track: 3  
 CHANY (8,9)  Track: 3  
 CHANY (8,8)  Track: 3  
 CHANY (8,7)  Track: 3  
 CHANY (8,6)  Track: 3  
 CHANY (8,5)  Track: 3  
  IPIN (9,5)  Pin: 3  
  SINK (9,5)  Class: 0  


Net 13 (N4)

SOURCE (0,4)  Pad: 1  
  OPIN (0,4)  Pad: 1  
 CHANY (0,4)  Track: 2  
 CHANX (1,4)  Track: 2  
 CHANX (2,4)  Track: 2  
  IPIN (2,4)  Pin: 0  
  SINK (2,4)  Class: 0  
 CHANX (1,4)  Track: 2  
 CHANY (1,4)  Track: 3  
 CHANY (1,3)  Track: 3  
  IPIN (2,3)  Pin: 3  
  SINK (2,3)  Class: 0  
 CHANY (1,3)  Track: 3  
 CHANX (2,2)  Track: 2  
  IPIN (2,2)  Pin: 0  
  SINK (2,2)  Class: 0  


Net 14 (N5)

SOURCE (1,10)  Pad: 1  
  OPIN (1,10)  Pad: 1  
 CHANX (1,9)  Track: 2  
 CHANY (1,9)  Track: 3  
 CHANY (1,8)  Track: 3  
 CHANY (1,7)  Track: 3  
 CHANY (1,6)  Track: 3  
 CHANY (1,5)  Track: 3  
  IPIN (1,5)  Pin: 1  
  SINK (1,5)  Class: 0  


Net 15 (N6)

SOURCE (3,10)  Pad: 1  
  OPIN (3,10)  Pad: 1  
 CHANX (3,9)  Track: 2  
 CHANX (4,9)  Track: 2  
 CHANY (4,9)  Track: 3  
 CHANY (4,8)  Track: 3  
 CHANY (4,7)  Track: 3  
 CHANY (4,6)  Track: 3  
 CHANY (4,5)  Track: 3  
  IPIN (5,5)  Pin: 3  
  SINK (5,5)  Class: 0  
 CHANY (4,5)  Track: 3  
 CHANY (4,4)  Track: 3  
 CHANY (4,3)  Track: 3  
 CHANY (4,2)  Track: 3  
 CHANX (5,1)  Track: 2  
 CHANX (6,1)  Track: 2  
  IPIN (6,1)  Pin: 0  
  SINK (6,1)  Class: 0  
 CHANY (4,2)  Track: 3  
 CHANX (4,1)  Track: 3  
 CHANX (3,1)  Track: 3  
  IPIN (3,1)  Pin: 0  
  SINK (3,1)  Class: 0  


Net 16 (N7)

SOURCE (0,5)  Pad: 1  
  OPIN (0,5)  Pad: 1  
 CHANY (0,5)  Track: 0  
 CHANX (1,5)  Track: 0  
 CHANY (1,5)  Track: 1  
 CHANY (1,4)  Track: 1  
  IPIN (2,4)  Pin: 3  
  SINK (2,4)  Class: 0  
 CHANX (1,5)  Track: 0  
 CHANX (2,5)  Track: 0  
 CHANX (3,5)  Track: 0  
 CHANX (4,5)  Track: 0  
 CHANX (5,5)  Track: 0  
  IPIN (5,5)  Pin: 0  
  SINK (5,5)  Class: 0  
 CHANX (5,5)  Track: 0  
 CHANX (6,5)  Track: 0  
 CHANX (7,5)  Track: 0  
 CHANY (7,5)  Track: 1  
 CHANY (7,4)  Track: 1  
  IPIN (8,4)  Pin: 3  
  SINK (8,4)  Class: 0  


Net 17 (N12)

SOURCE (9,0)  Pad: 1  
  OPIN (9,0)  Pad: 1  
 CHANX (9,0)  Track: 3  
 CHANX (8,0)  Track: 3  
  IPIN (8,1)  Pin: 2  
  SINK (8,1)  Class: 0  


Net 18 (N13)

SOURCE (10,7)  Pad: 1  
  OPIN (10,7)  Pad: 1  
 CHANY (9,7)  Track: 1  
 CHANX (9,6)  Track: 1  
 CHANX (8,6)  Track: 1  
 CHANY (7,6)  Track: 1  
 CHANX (7,5)  Track: 1  
  IPIN (7,5)  Pin: 0  
  SINK (7,5)  Class: 0  


Net 19 (N10)

SOURCE (0,3)  Pad: 1  
  OPIN (0,3)  Pad: 1  
 CHANY (0,3)  Track: 2  
 CHANX (1,3)  Track: 2  
 CHANX (2,3)  Track: 2  
 CHANX (3,3)  Track: 2  
  IPIN (3,3)  Pin: 0  
  SINK (3,3)  Class: 0  
 CHANX (3,3)  Track: 2  
 CHANX (4,3)  Track: 2  
 CHANX (5,3)  Track: 2  
  IPIN (5,3)  Pin: 0  
  SINK (5,3)  Class: 0  
 CHANX (5,3)  Track: 2  
 CHANX (6,3)  Track: 2  
  IPIN (6,3)  Pin: 0  
  SINK (6,3)  Class: 0  


Net 20 (N11)

SOURCE (1,0)  Pad: 1  
  OPIN (1,0)  Pad: 1  
 CHANX (1,0)  Track: 3  
  IPIN (1,1)  Pin: 2  
  SINK (1,1)  Class: 0  


Net 21 (N16)

SOURCE (5,0)  Pad: 1  
  OPIN (5,0)  Pad: 1  
 CHANX (5,0)  Track: 2  
 CHANY (5,1)  Track: 2  
  IPIN (5,1)  Pin: 1  
  SINK (5,1)  Class: 0  
 CHANY (5,1)  Track: 2  
 CHANY (5,2)  Track: 2  
  IPIN (5,2)  Pin: 1  
  SINK (5,2)  Class: 0  
 CHANY (5,2)  Track: 2  
 CHANY (5,3)  Track: 2  
 CHANY (5,4)  Track: 2  
  IPIN (5,4)  Pin: 1  
  SINK (5,4)  Class: 0  


Net 22 (N17)

SOURCE (7,10)  Pad: 1  
  OPIN (7,10)  Pad: 1  
 CHANX (7,9)  Track: 2  
 CHANY (7,9)  Track: 3  
 CHANY (7,8)  Track: 3  
 CHANY (7,7)  Track: 3  
 CHANY (7,6)  Track: 3  
 CHANY (7,5)  Track: 3  
 CHANY (7,4)  Track: 3  
  IPIN (7,4)  Pin: 1  
  SINK (7,4)  Class: 0  
 CHANY (7,5)  Track: 3  
 CHANX (7,4)  Track: 3  
 CHANX (6,4)  Track: 3  
 CHANX (5,4)  Track: 3  
  IPIN (5,4)  Pin: 0  
  SINK (5,4)  Class: 0  
 CHANX (5,4)  Track: 3  
 CHANX (4,4)  Track: 3  
  IPIN (4,5)  Pin: 2  
  SINK (4,5)  Class: 0  


Net 23 (N14)

SOURCE (4,10)  Pad: 1  
  OPIN (4,10)  Pad: 1  
 CHANX (4,9)  Track: 3  
 CHANY (3,9)  Track: 3  
 CHANY (3,8)  Track: 3  
 CHANY (3,7)  Track: 3  
 CHANY (3,6)  Track: 3  
 CHANY (3,5)  Track: 3  
  IPIN (4,5)  Pin: 3  
  SINK (4,5)  Class: 0  
 CHANY (3,5)  Track: 3  
 CHANY (3,4)  Track: 3  
 CHANY (3,3)  Track: 3  
  IPIN (4,3)  Pin: 3  
  SINK (4,3)  Class: 0  
 CHANY (3,3)  Track: 3  
 CHANY (3,2)  Track: 3  
  IPIN (4,2)  Pin: 3  
  SINK (4,2)  Class: 0  


Net 24 (N15)

SOURCE (10,3)  Pad: 1  
  OPIN (10,3)  Pad: 1  
 CHANY (9,3)  Track: 3  
 CHANX (9,2)  Track: 3  
 CHANX (8,2)  Track: 3  
 CHANX (7,2)  Track: 3  
  IPIN (7,3)  Pin: 2  
  SINK (7,3)  Class: 0  
 CHANX (7,2)  Track: 3  
 CHANX (6,2)  Track: 3  
 CHANX (5,2)  Track: 3  
 CHANX (4,2)  Track: 3  
  IPIN (4,3)  Pin: 2  
  SINK (4,3)  Class: 0  
 CHANX (5,2)  Track: 3  
  IPIN (5,2)  Pin: 0  
  SINK (5,2)  Class: 0  


Net 25 (N18)

SOURCE (5,10)  Pad: 1  
  OPIN (5,10)  Pad: 1  
 CHANX (5,9)  Track: 1  
 CHANY (4,9)  Track: 1  
 CHANY (4,8)  Track: 1  
 CHANY (4,7)  Track: 1  
 CHANY (4,6)  Track: 1  
 CHANY (4,5)  Track: 1  
 CHANY (4,4)  Track: 1  
  IPIN (4,4)  Pin: 1  
  SINK (4,4)  Class: 0  
 CHANY (4,4)  Track: 1  
 CHANX (4,3)  Track: 1  
 CHANX (3,3)  Track: 1  
  IPIN (3,4)  Pin: 2  
  SINK (3,4)  Class: 0  
 CHANY (4,5)  Track: 1  
 CHANX (5,4)  Track: 0  
 CHANX (6,4)  Track: 0  
  IPIN (6,4)  Pin: 0  
  SINK (6,4)  Class: 0  


Net 26 (N19)

SOURCE (8,0)  Pad: 1  
  OPIN (8,0)  Pad: 1  
 CHANX (8,0)  Track: 2  
 CHANY (8,1)  Track: 2  
 CHANY (8,2)  Track: 2  
 CHANY (8,3)  Track: 2  
  IPIN (8,3)  Pin: 1  
  SINK (8,3)  Class: 0  
  OPIN (8,0)  Pad: 1  
 CHANX (8,0)  Track: 1  
 CHANX (7,0)  Track: 1  
 CHANX (6,0)  Track: 1  
  IPIN (6,1)  Pin: 2  
  SINK (6,1)  Class: 0  
 CHANX (6,0)  Track: 1  
 CHANX (5,0)  Track: 1  
 CHANX (4,0)  Track: 1  
 CHANX (3,0)  Track: 1  
 CHANX (2,0)  Track: 1  
 CHANY (1,1)  Track: 0  
 CHANY (1,2)  Track: 0  
 CHANX (2,2)  Track: 0  
  IPIN (2,3)  Pin: 2  
  SINK (2,3)  Class: 0  


Net 27 (N81)

SOURCE (9,3)  Class: 1  
  OPIN (9,3)  Pin: 4  
 CHANX (9,3)  Track: 0  
 CHANY (9,4)  Track: 0  
 CHANY (9,5)  Track: 0  
 CHANY (9,6)  Track: 0  
 CHANY (9,7)  Track: 0  
 CHANY (9,8)  Track: 0  
 CHANY (9,9)  Track: 0  
  IPIN (10,9)  Pad: 0  
  SINK (10,9)  Pad: 0  


Net 28 (N70)

SOURCE (7,2)  Class: 1  
  OPIN (7,2)  Pin: 5  
 CHANY (7,2)  Track: 2  
  IPIN (8,2)  Pin: 3  
  SINK (8,2)  Class: 0  


Net 29 (N54)

SOURCE (7,5)  Class: 1  
  OPIN (7,5)  Pin: 7  
 CHANY (6,5)  Track: 2  
  IPIN (6,5)  Pin: 1  
  SINK (6,5)  Class: 0  


Net 30 (N69)

SOURCE (6,4)  Class: 1  
  OPIN (6,4)  Pin: 5  
 CHANY (6,4)  Track: 2  
  IPIN (7,4)  Pin: 3  
  SINK (7,4)  Class: 0  


Net 31 (N58)

SOURCE (1,1)  Class: 1  
  OPIN (1,1)  Pin: 5  
 CHANY (1,1)  Track: 1  
  IPIN (2,1)  Pin: 3  
  SINK (2,1)  Class: 0  


Net 32 (N68)

SOURCE (9,1)  Class: 1  
  OPIN (9,1)  Pin: 4  
 CHANX (9,1)  Track: 3  
  IPIN (9,2)  Pin: 2  
  SINK (9,2)  Class: 0  


Net 33 (N78)

SOURCE (1,4)  Class: 1  
  OPIN (1,4)  Pin: 4  
 CHANX (1,4)  Track: 3  
 CHANY (0,5)  Track: 2  
 CHANY (0,6)  Track: 2  
 CHANY (0,7)  Track: 2  
 CHANY (0,8)  Track: 2  
  IPIN (0,8)  Pad: 0  
  SINK (0,8)  Pad: 0  


Net 34 (N48)

SOURCE (9,5)  Class: 1  
  OPIN (9,5)  Pin: 7  
 CHANY (8,5)  Track: 2  
  IPIN (8,5)  Pin: 1  
  SINK (8,5)  Class: 0  


Net 35 (N65)

SOURCE (5,3)  Class: 1  
  OPIN (5,3)  Pin: 6  
 CHANX (5,2)  Track: 1  
 CHANY (4,2)  Track: 1  
  IPIN (5,2)  Pin: 3  
  SINK (5,2)  Class: 0  


Net 36 (N64)

SOURCE (5,2)  Class: 1  
  OPIN (5,2)  Pin: 5  
 CHANY (5,2)  Track: 1  
 CHANY (5,1)  Track: 1  
  IPIN (6,1)  Pin: 3  
  SINK (6,1)  Class: 0  


Net 37 (N63)

SOURCE (9,4)  Class: 1  
  OPIN (9,4)  Pin: 6  
 CHANX (9,3)  Track: 2  
  IPIN (9,3)  Pin: 0  
  SINK (9,3)  Class: 0  


Net 38 (N62)

SOURCE (8,1)  Class: 1  
  OPIN (8,1)  Pin: 7  
 CHANY (7,1)  Track: 3  
  IPIN (7,1)  Pin: 1  
  SINK (7,1)  Class: 0  


Net 39 (N61)

SOURCE (5,1)  Class: 1  
  OPIN (5,1)  Pin: 7  
 CHANY (4,1)  Track: 3  
  IPIN (4,1)  Pin: 1  
  SINK (4,1)  Class: 0  


Net 40 (N60)

SOURCE (6,1)  Class: 1  
  OPIN (6,1)  Pin: 5  
 CHANY (6,1)  Track: 1  
  IPIN (7,1)  Pin: 3  
  SINK (7,1)  Class: 0  


Net 41 (N41)

SOURCE (1,3)  Class: 1  
  OPIN (1,3)  Pin: 6  
 CHANX (1,2)  Track: 3  
  IPIN (1,2)  Pin: 0  
  SINK (1,2)  Class: 0  


Net 42 (N40)

SOURCE (3,1)  Class: 1  
  OPIN (3,1)  Pin: 7  
 CHANY (2,1)  Track: 3  
  IPIN (2,1)  Pin: 1  
  SINK (2,1)  Class: 0  


Net 43 (N75)

SOURCE (8,5)  Class: 1  
  OPIN (8,5)  Pin: 4  
 CHANX (8,5)  Track: 2  
 CHANY (8,6)  Track: 2  
 CHANY (8,7)  Track: 2  
 CHANY (8,8)  Track: 2  
 CHANY (8,9)  Track: 2  
 CHANX (8,9)  Track: 3  
  IPIN (8,10)  Pad: 0  
  SINK (8,10)  Pad: 0  


Net 44 (N42)

SOURCE (1,5)  Class: 1  
  OPIN (1,5)  Pin: 6  
 CHANX (1,4)  Track: 1  
  IPIN (1,4)  Pin: 0  
  SINK (1,4)  Class: 0  


Net 45 (N45)

SOURCE (5,5)  Class: 1  
  OPIN (5,5)  Pin: 5  
 CHANY (5,5)  Track: 2  
  IPIN (6,5)  Pin: 3  
  SINK (6,5)  Class: 0  


Net 46 (N44)

SOURCE (7,4)  Class: 1  
  OPIN (7,4)  Pin: 5  
 CHANY (7,4)  Track: 2  
 CHANX (8,4)  Track: 2  
  IPIN (8,4)  Pin: 0  
  SINK (8,4)  Class: 0  


Net 47 (N47)

SOURCE (5,4)  Class: 1  
  OPIN (5,4)  Pin: 7  
 CHANY (4,4)  Track: 0  
 CHANX (4,4)  Track: 1  
  IPIN (4,4)  Pin: 0  
  SINK (4,4)  Class: 0  


Net 48 (N80)

SOURCE (6,5)  Class: 1  
  OPIN (6,5)  Pin: 4  
 CHANX (6,5)  Track: 3  
 CHANY (5,6)  Track: 2  
 CHANY (5,7)  Track: 2  
 CHANY (5,8)  Track: 2  
 CHANY (5,9)  Track: 2  
 CHANX (6,9)  Track: 2  
  IPIN (6,10)  Pad: 0  
  SINK (6,10)  Pad: 0  


Net 49 (N29)

SOURCE (3,3)  Class: 1  
  OPIN (3,3)  Pin: 7  
 CHANY (2,3)  Track: 3  
  IPIN (2,3)  Pin: 1  
  SINK (2,3)  Class: 0  


Net 50 (N28)

SOURCE (3,4)  Class: 1  
  OPIN (3,4)  Pin: 7  
 CHANY (2,4)  Track: 3  
  IPIN (2,4)  Pin: 1  
  SINK (2,4)  Class: 0  


Net 51 (N59)

SOURCE (4,1)  Class: 1  
  OPIN (4,1)  Pin: 7  
 CHANY (3,1)  Track: 3  
  IPIN (3,1)  Pin: 1  
  SINK (3,1)  Class: 0  


Net 52 (N67)

SOURCE (3,5)  Class: 1  
  OPIN (3,5)  Pin: 7  
 CHANY (2,5)  Track: 2  
  IPIN (2,5)  Pin: 1  
  SINK (2,5)  Class: 0  


Net 53 (N74)

SOURCE (2,1)  Class: 1  
  OPIN (2,1)  Pin: 4  
 CHANX (2,1)  Track: 3  
 CHANX (1,1)  Track: 3  
 CHANY (0,1)  Track: 3  
  IPIN (0,1)  Pad: 0  
  SINK (0,1)  Pad: 0  


Net 54 (N71)

SOURCE (8,4)  Class: 1  
  OPIN (8,4)  Pin: 4  
 CHANX (8,4)  Track: 3  
  IPIN (8,5)  Pin: 2  
  SINK (8,5)  Class: 0  


Net 55 (N73)

SOURCE (9,2)  Class: 1  
  OPIN (9,2)  Pin: 5  
 CHANY (9,2)  Track: 2  
  IPIN (10,2)  Pad: 0  
  SINK (10,2)  Pad: 0  


Net 56 (N57)

SOURCE (8,2)  Class: 1  
  OPIN (8,2)  Pin: 5  
 CHANY (8,2)  Track: 1  
  IPIN (9,2)  Pin: 3  
  SINK (9,2)  Class: 0  


Net 57 (N52)

SOURCE (7,3)  Class: 1  
  OPIN (7,3)  Pin: 5  
 CHANY (7,3)  Track: 2  
  IPIN (8,3)  Pin: 3  
  SINK (8,3)  Class: 0  


Net 58 (N53)

SOURCE (6,3)  Class: 1  
  OPIN (6,3)  Pin: 5  
 CHANY (6,3)  Track: 2  
 CHANX (7,3)  Track: 2  
  IPIN (7,3)  Pin: 0  
  SINK (7,3)  Class: 0  


Net 59 (N50)

SOURCE (4,5)  Class: 1  
  OPIN (4,5)  Pin: 7  
 CHANY (3,5)  Track: 1  
 CHANX (3,4)  Track: 1  
 CHANY (2,4)  Track: 1  
  IPIN (3,4)  Pin: 3  
  SINK (3,4)  Class: 0  


Net 60 (N51)

SOURCE (8,3)  Class: 1  
  OPIN (8,3)  Pin: 5  
 CHANY (8,3)  Track: 1  
  IPIN (9,3)  Pin: 3  
  SINK (9,3)  Class: 0  


Net 61 (N76)

SOURCE (1,2)  Class: 1  
  OPIN (1,2)  Pin: 7  
 CHANY (0,2)  Track: 3  
  IPIN (0,2)  Pad: 0  
  SINK (0,2)  Pad: 0  


Net 62 (N77)

SOURCE (7,1)  Class: 1  
  OPIN (7,1)  Pin: 6  
 CHANX (7,0)  Track: 3  
  IPIN (7,0)  Pad: 0  
  SINK (7,0)  Pad: 0  


Net 63 (N72)

SOURCE (6,2)  Class: 1  
  OPIN (6,2)  Pin: 4  
 CHANX (6,2)  Track: 2  
 CHANX (7,2)  Track: 2  
 CHANY (7,2)  Track: 3  
  IPIN (7,2)  Pin: 1  
  SINK (7,2)  Class: 0  


Net 64 (N30)

SOURCE (2,4)  Class: 1  
  OPIN (2,4)  Pin: 7  
 CHANY (1,4)  Track: 2  
  IPIN (1,4)  Pin: 1  
  SINK (1,4)  Class: 0  


Net 65 (N31)

SOURCE (3,2)  Class: 1  
  OPIN (3,2)  Pin: 7  
 CHANY (2,2)  Track: 3  
  IPIN (2,2)  Pin: 1  
  SINK (2,2)  Class: 0  


Net 66 (N32)

SOURCE (2,2)  Class: 1  
  OPIN (2,2)  Pin: 7  
 CHANY (1,2)  Track: 3  
  IPIN (1,2)  Pin: 1  
  SINK (1,2)  Class: 0  


Net 67 (N33)

SOURCE (4,4)  Class: 1  
  OPIN (4,4)  Pin: 4  
 CHANX (4,4)  Track: 2  
 CHANX (5,4)  Track: 2  
  IPIN (5,5)  Pin: 2  
  SINK (5,5)  Class: 0  


Net 68 (N34)

SOURCE (4,3)  Class: 1  
  OPIN (4,3)  Pin: 6  
 CHANX (4,2)  Track: 0  
 CHANX (5,2)  Track: 0  
 CHANX (6,2)  Track: 0  
 CHANY (6,2)  Track: 1  
 CHANX (6,1)  Track: 1  
 CHANX (5,1)  Track: 1  
 CHANX (4,1)  Track: 1  
 CHANX (3,1)  Track: 1  
 CHANY (2,2)  Track: 0  
 CHANY (2,3)  Track: 0  
  IPIN (3,3)  Pin: 3  
  SINK (3,3)  Class: 0  


Net 69 (N79)

SOURCE (2,5)  Class: 1  
  OPIN (2,5)  Pin: 4  
 CHANX (2,5)  Track: 3  
 CHANY (1,6)  Track: 2  
 CHANY (1,7)  Track: 2  
 CHANY (1,8)  Track: 2  
 CHANX (1,8)  Track: 3  
 CHANY (0,9)  Track: 2  
  IPIN (0,9)  Pad: 0  
  SINK (0,9)  Pad: 0  


Net 70 (N36)

SOURCE (2,3)  Class: 1  
  OPIN (2,3)  Pin: 4  
 CHANX (2,3)  Track: 0  
 CHANY (2,4)  Track: 0  
 CHANX (2,4)  Track: 1  
  IPIN (2,5)  Pin: 2  
  SINK (2,5)  Class: 0  


Net 71 (N37)

SOURCE (4,2)  Class: 1  
  OPIN (4,2)  Pin: 7  
 CHANY (3,2)  Track: 0  
 CHANX (3,2)  Track: 1  
  IPIN (3,2)  Pin: 0  
  SINK (3,2)  Class: 0  
