Netlist file: test.net   Architecture file: test.arch.xml
Array size: 9 x 9 logic blocks

#block name	x	y	subblk	block number
#----------	--	--	------	------------
N23		3	0	0	#0
N22		10	4	0	#1
N21		2	10	0	#2
N20		6	0	0	#3
N27		10	8	0	#4
N26		2	0	0	#5
N25		10	6	0	#6
N24		0	7	0	#7
N8		0	6	0	#8
N9		4	0	0	#9
N1		10	5	0	#10
N2		10	1	0	#11
N3		9	10	0	#12
N4		0	4	0	#13
N5		1	10	0	#14
N6		3	10	0	#15
N7		0	5	0	#16
N12		9	0	0	#17
N13		10	7	0	#18
N10		0	3	0	#19
N11		1	0	0	#20
N16		5	0	0	#21
N17		7	10	0	#22
N14		4	10	0	#23
N15		10	3	0	#24
N18		5	10	0	#25
N19		8	0	0	#26
out:N74		0	1	0	#27
out:N78		0	8	0	#28
out:N73		10	2	0	#29
out:N79		0	9	0	#30
out:N80		6	10	0	#31
out:N81		10	9	0	#32
out:N75		8	10	0	#33
out:N76		0	2	0	#34
out:N77		7	0	0	#35
N55_blk		9	3	0	#36
N70_blk		7	2	0	#37
N54_blk		7	5	0	#38
N69_blk		6	4	0	#39
N58_blk		1	1	0	#40
N68_blk		9	1	0	#41
N49_blk		1	4	0	#42
N48_blk		9	5	0	#43
N65_blk		5	3	0	#44
N64_blk		5	2	0	#45
N63_blk		9	4	0	#46
N62_blk		8	1	0	#47
N61_blk		5	1	0	#48
N60_blk		6	1	0	#49
N41_blk		1	3	0	#50
N40_blk		3	1	0	#51
N43_blk		8	5	0	#52
N42_blk		1	5	0	#53
N45_blk		5	5	0	#54
N44_blk		7	4	0	#55
N47_blk		5	4	0	#56
N46_blk		6	5	0	#57
N29_blk		3	3	0	#58
N28_blk		3	4	0	#59
N59_blk		4	1	0	#60
N67_blk		3	5	0	#61
N66_blk		2	1	0	#62
N71_blk		8	4	0	#63
N56_blk		9	2	0	#64
N57_blk		8	2	0	#65
N52_blk		7	3	0	#66
N53_blk		6	3	0	#67
N50_blk		4	5	0	#68
N51_blk		8	3	0	#69
N38_blk		1	2	0	#70
N39_blk		7	1	0	#71
N72_blk		6	2	0	#72
N30_blk		2	4	0	#73
N31_blk		3	2	0	#74
N32_blk		2	2	0	#75
N33_blk		4	4	0	#76
N34_blk		4	3	0	#77
N35_blk		2	5	0	#78
N36_blk		2	3	0	#79
N37_blk		4	2	0	#80
