Array size: 7 x 7 logic blocks.

Routing:

Net 0 (N8)

SOURCE (4,0)  Pad: 1  
  OPIN (4,0)  Pad: 1  
 CHANX (4,0)  Track: 3  
 CHANY (3,1)  Track: 2  
 CHANY (3,2)  Track: 2  
  IPIN (4,2)  Pin: 3  
  SINK (4,2)  Class: 0  
 CHANY (3,1)  Track: 2  
 CHANX (4,1)  Track: 2  
 CHANX (5,1)  Track: 2  
  IPIN (5,2)  Pin: 2  
  SINK (5,2)  Class: 0  
 CHANY (3,2)  Track: 2  
 CHANY (3,3)  Track: 2  
 CHANY (3,4)  Track: 2  
  IPIN (4,4)  Pin: 3  
  SINK (4,4)  Class: 0  
 CHANY (3,4)  Track: 2  
 CHANY (3,5)  Track: 2  
  IPIN (4,5)  Pin: 3  
  SINK (4,5)  Class: 0  


Net 1 (N9)

SOURCE (0,1)  Pad: 1  
  OPIN (0,1)  Pad: 1  
 CHANY (0,1)  Track: 3  
  IPIN (1,1)  Pin: 3  
  SINK (1,1)  Class: 0  
 CHANY (0,1)  Track: 3  
 CHANX (1,0)  Track: 2  
 CHANX (2,0)  Track: 2  
  IPIN (2,1)  Pin: 2  
  SINK (2,1)  Class: 0  
 CHANX (2,0)  Track: 2  
 CHANY (2,1)  Track: 2  
 CHANY (2,2)  Track: 2  
 CHANY (2,3)  Track: 2  
  IPIN (2,3)  Pin: 1  
  SINK (2,3)  Class: 0  
 CHANY (2,3)  Track: 2  
 CHANX (2,3)  Track: 3  
 CHANX (1,3)  Track: 3  
  IPIN (1,3)  Pin: 0  
  SINK (1,3)  Class: 0  


Net 2 (N1)

SOURCE (2,0)  Pad: 1  
  OPIN (2,0)  Pad: 1  
 CHANX (2,0)  Track: 3  
 CHANY (1,1)  Track: 2  
  IPIN (2,1)  Pin: 3  
  SINK (2,1)  Class: 0  
 CHANY (1,1)  Track: 2  
  IPIN (1,1)  Pin: 1  
  SINK (1,1)  Class: 0  
 CHANY (1,1)  Track: 2  
 CHANY (1,2)  Track: 2  
 CHANY (1,3)  Track: 2  
  IPIN (2,3)  Pin: 3  
  SINK (2,3)  Class: 0  
 CHANY (1,3)  Track: 2  
 CHANX (2,3)  Track: 2  
 CHANX (3,3)  Track: 2  
 CHANX (4,3)  Track: 2  
 CHANX (5,3)  Track: 2  
  IPIN (5,3)  Pin: 0  
  SINK (5,3)  Class: 0  
 CHANX (5,3)  Track: 2  
  IPIN (5,4)  Pin: 2  
  SINK (5,4)  Class: 0  
 CHANX (5,3)  Track: 2  
 CHANX (6,3)  Track: 2  
 CHANX (7,3)  Track: 2  
  IPIN (7,4)  Pin: 2  
  SINK (7,4)  Class: 0  
 CHANX (6,3)  Track: 2  
 CHANY (6,3)  Track: 3  
 CHANY (6,2)  Track: 3  
  IPIN (7,2)  Pin: 3  
  SINK (7,2)  Class: 0  
 CHANY (6,2)  Track: 3  
 CHANY (6,1)  Track: 3  
  IPIN (7,1)  Pin: 3  
  SINK (7,1)  Class: 0  
 CHANX (4,3)  Track: 2  
 CHANY (4,4)  Track: 2  
 CHANY (4,5)  Track: 2  
 CHANY (4,6)  Track: 2  
  IPIN (4,6)  Pin: 1  
  SINK (4,6)  Class: 0  


Net 3 (N2)

SOURCE (3,0)  Pad: 1  
  OPIN (3,0)  Pad: 1  
 CHANX (3,0)  Track: 3  
  IPIN (3,1)  Pin: 2  
  SINK (3,1)  Class: 0  
  OPIN (3,0)  Pad: 1  
 CHANX (3,0)  Track: 2  
 CHANX (4,0)  Track: 2  
  IPIN (4,1)  Pin: 2  
  SINK (4,1)  Class: 0  
  OPIN (3,0)  Pad: 1  
 CHANX (3,0)  Track: 1  
 CHANY (2,1)  Track: 0  
 CHANY (2,2)  Track: 0  
  IPIN (3,2)  Pin: 3  
  SINK (3,2)  Class: 0  
 CHANY (2,2)  Track: 0  
 CHANY (2,3)  Track: 0  
  IPIN (3,3)  Pin: 3  
  SINK (3,3)  Class: 0  


Net 4 (N3)

SOURCE (6,0)  Pad: 1  
  OPIN (6,0)  Pad: 1  
 CHANX (6,0)  Track: 3  
  IPIN (6,1)  Pin: 2  
  SINK (6,1)  Class: 0  
 CHANX (6,0)  Track: 3  
 CHANY (5,1)  Track: 2  
 CHANY (5,2)  Track: 2  
  IPIN (6,2)  Pin: 3  
  SINK (6,2)  Class: 0  
 CHANY (5,2)  Track: 2  
  IPIN (5,2)  Pin: 1  
  SINK (5,2)  Class: 0  
 CHANY (5,2)  Track: 2  
 CHANY (5,3)  Track: 2  
  IPIN (6,3)  Pin: 3  
  SINK (6,3)  Class: 0  
  OPIN (6,0)  Pad: 1  
 CHANX (6,0)  Track: 1  
 CHANY (5,1)  Track: 0  
 CHANX (5,1)  Track: 1  
 CHANX (4,1)  Track: 1  
  IPIN (4,1)  Pin: 0  
  SINK (4,1)  Class: 0  
 CHANX (4,1)  Track: 1  
 CHANY (3,1)  Track: 1  
  IPIN (3,1)  Pin: 1  
  SINK (3,1)  Class: 0  
 CHANY (5,2)  Track: 2  
 CHANX (5,2)  Track: 3  
 CHANX (4,2)  Track: 3  
 CHANX (3,2)  Track: 3  
  IPIN (3,3)  Pin: 2  
  SINK (3,3)  Class: 0  
 CHANY (5,3)  Track: 2  
 CHANX (5,3)  Track: 3  
 CHANX (4,3)  Track: 3  
  IPIN (4,4)  Pin: 2  
  SINK (4,4)  Class: 0  
 CHANY (5,3)  Track: 2  
 CHANY (5,4)  Track: 2  
 CHANX (5,4)  Track: 3  
 CHANX (4,4)  Track: 3  
  IPIN (4,5)  Pin: 2  
  SINK (4,5)  Class: 0  


Net 5 (N4)

SOURCE (8,4)  Pad: 1  
  OPIN (8,4)  Pad: 1  
 CHANY (7,4)  Track: 3  
 CHANX (7,3)  Track: 3  
 CHANX (6,3)  Track: 3  
  IPIN (6,4)  Pin: 2  
  SINK (6,4)  Class: 0  
 CHANX (7,3)  Track: 3  
 CHANY (6,4)  Track: 2  
 CHANY (6,5)  Track: 2  
  IPIN (6,5)  Pin: 1  
  SINK (6,5)  Class: 0  
 CHANY (6,5)  Track: 2  
 CHANX (6,5)  Track: 3  
 CHANX (5,5)  Track: 3  
  IPIN (5,5)  Pin: 0  
  SINK (5,5)  Class: 0  
 CHANY (6,5)  Track: 2  
  IPIN (7,5)  Pin: 3  
  SINK (7,5)  Class: 0  


Net 6 (N5)

SOURCE (0,5)  Pad: 1  
  OPIN (0,5)  Pad: 1  
 CHANY (0,5)  Track: 3  
  IPIN (1,5)  Pin: 3  
  SINK (1,5)  Class: 0  
 CHANY (0,5)  Track: 3  
 CHANX (1,4)  Track: 2  
 CHANX (2,4)  Track: 2  
  IPIN (2,5)  Pin: 2  
  SINK (2,5)  Class: 0  
 CHANX (2,4)  Track: 2  
 CHANX (3,4)  Track: 2  
  IPIN (3,5)  Pin: 2  
  SINK (3,5)  Class: 0  
 CHANX (3,4)  Track: 2  
  IPIN (3,4)  Pin: 0  
  SINK (3,4)  Class: 0  


Net 7 (N6)

SOURCE (8,2)  Pad: 1  
  OPIN (8,2)  Pad: 1  
 CHANY (7,2)  Track: 3  
 CHANX (7,1)  Track: 3  
 CHANX (6,1)  Track: 3  
  IPIN (6,2)  Pin: 2  
  SINK (6,2)  Class: 0  
 CHANX (6,1)  Track: 3  
  IPIN (6,1)  Pin: 0  
  SINK (6,1)  Class: 0  
 CHANX (6,1)  Track: 3  
 CHANY (5,1)  Track: 3  
  IPIN (5,1)  Pin: 1  
  SINK (5,1)  Class: 0  
 CHANX (7,1)  Track: 3  
 CHANY (6,2)  Track: 2  
 CHANY (6,3)  Track: 2  
  IPIN (6,3)  Pin: 1  
  SINK (6,3)  Class: 0  


Net 8 (N7)

SOURCE (4,8)  Pad: 1  
  OPIN (4,8)  Pad: 1  
 CHANX (4,7)  Track: 3  
 CHANY (3,7)  Track: 3  
 CHANY (3,6)  Track: 3  
  IPIN (4,6)  Pin: 3  
  SINK (4,6)  Class: 0  
 CHANY (3,6)  Track: 3  
 CHANY (3,5)  Track: 3  
 CHANY (3,4)  Track: 3  
 CHANY (3,3)  Track: 3  
 CHANX (4,2)  Track: 2  
 CHANY (4,3)  Track: 2  
  IPIN (4,3)  Pin: 1  
  SINK (4,3)  Class: 0  
 CHANY (4,3)  Track: 2  
  IPIN (5,3)  Pin: 3  
  SINK (5,3)  Class: 0  
 CHANY (3,5)  Track: 3  
 CHANX (4,4)  Track: 2  
 CHANX (5,4)  Track: 2  
  IPIN (5,4)  Pin: 0  
  SINK (5,4)  Class: 0  


Net 9 (N12)

SOURCE (0,4)  Pad: 1  
  OPIN (0,4)  Pad: 1  
 CHANY (0,4)  Track: 3  
  IPIN (1,4)  Pin: 3  
  SINK (1,4)  Class: 0  
  OPIN (0,4)  Pad: 1  
 CHANY (0,4)  Track: 0  
 CHANX (1,4)  Track: 0  
  IPIN (1,5)  Pin: 2  
  SINK (1,5)  Class: 0  
 CHANX (1,4)  Track: 0  
 CHANX (2,4)  Track: 0  
 CHANY (2,5)  Track: 0  
  IPIN (3,5)  Pin: 3  
  SINK (3,5)  Class: 0  
 CHANX (2,4)  Track: 0  
 CHANY (2,4)  Track: 1  
  IPIN (3,4)  Pin: 3  
  SINK (3,4)  Class: 0  
 CHANY (2,5)  Track: 0  
 CHANX (3,5)  Track: 0  
 CHANX (4,5)  Track: 0  
 CHANY (4,5)  Track: 1  
  IPIN (5,5)  Pin: 3  
  SINK (5,5)  Class: 0  
 CHANX (4,5)  Track: 0  
 CHANX (5,5)  Track: 0  
 CHANX (6,5)  Track: 0  
  IPIN (6,5)  Pin: 0  
  SINK (6,5)  Class: 0  
 CHANX (5,5)  Track: 0  
 CHANY (5,5)  Track: 1  
 CHANY (5,4)  Track: 1  
  IPIN (6,4)  Pin: 3  
  SINK (6,4)  Class: 0  
 CHANY (0,4)  Track: 3  
 CHANY (0,3)  Track: 3  
 CHANY (0,2)  Track: 3  
  IPIN (1,2)  Pin: 3  
  SINK (1,2)  Class: 0  
 CHANY (2,4)  Track: 1  
 CHANY (2,3)  Track: 1  
 CHANY (2,2)  Track: 1  
  IPIN (2,2)  Pin: 1  
  SINK (2,2)  Class: 0  


Net 10 (N10)

SOURCE (7,0)  Pad: 1  
  OPIN (7,0)  Pad: 1  
 CHANX (7,0)  Track: 3  
  IPIN (7,1)  Pin: 2  
  SINK (7,1)  Class: 0  
 CHANX (7,0)  Track: 3  
 CHANY (6,1)  Track: 2  
 CHANX (7,1)  Track: 2  
  IPIN (7,2)  Pin: 2  
  SINK (7,2)  Class: 0  
 CHANX (7,1)  Track: 2  
 CHANY (7,2)  Track: 2  
 CHANY (7,3)  Track: 2  
  IPIN (7,3)  Pin: 1  
  SINK (7,3)  Class: 0  
 CHANY (7,3)  Track: 2  
 CHANY (7,4)  Track: 2  
  IPIN (7,4)  Pin: 1  
  SINK (7,4)  Class: 0  


Net 11 (N11)

SOURCE (0,3)  Pad: 1  
  OPIN (0,3)  Pad: 1  
 CHANY (0,3)  Track: 2  
 CHANX (1,3)  Track: 2  
  IPIN (1,4)  Pin: 2  
  SINK (1,4)  Class: 0  
 CHANX (1,3)  Track: 2  
 CHANY (1,4)  Track: 2  
  IPIN (2,4)  Pin: 3  
  SINK (2,4)  Class: 0  
 CHANX (1,3)  Track: 2  
 CHANY (1,3)  Track: 3  
 CHANY (1,2)  Track: 3  
  IPIN (2,2)  Pin: 3  
  SINK (2,2)  Class: 0  
 CHANY (1,2)  Track: 3  
  IPIN (1,2)  Pin: 1  
  SINK (1,2)  Class: 0  


Net 12 (N48)

SOURCE (5,4)  Class: 1  
  OPIN (5,4)  Pin: 7  
 CHANY (4,4)  Track: 3  
  IPIN (4,4)  Pin: 1  
  SINK (4,4)  Class: 0  


Net 13 (N41)

SOURCE (6,3)  Class: 1  
  OPIN (6,3)  Pin: 4  
 CHANX (6,3)  Track: 0  
 CHANY (6,4)  Track: 0  
  IPIN (7,4)  Pin: 3  
  SINK (7,4)  Class: 0  


Net 14 (N40)

SOURCE (4,2)  Class: 1  
  OPIN (4,2)  Pin: 5  
 CHANY (4,2)  Track: 1  
 CHANY (4,1)  Track: 1  
  IPIN (5,1)  Pin: 3  
  SINK (5,1)  Class: 0  


Net 15 (N43)

SOURCE (3,2)  Class: 1  
  OPIN (3,2)  Pin: 5  
 CHANY (3,2)  Track: 1  
 CHANX (4,1)  Track: 0  
  IPIN (4,2)  Pin: 2  
  SINK (4,2)  Class: 0  


Net 16 (N42)

SOURCE (7,1)  Class: 1  
  OPIN (7,1)  Pin: 7  
 CHANY (6,1)  Track: 1  
  IPIN (6,1)  Pin: 1  
  SINK (6,1)  Class: 0  


Net 17 (N45)

SOURCE (4,4)  Class: 1  
  OPIN (4,4)  Pin: 6  
 CHANX (4,3)  Track: 1  
  IPIN (4,3)  Pin: 0  
  SINK (4,3)  Class: 0  


Net 18 (N44)

SOURCE (2,1)  Class: 1  
  OPIN (2,1)  Pin: 5  
 CHANY (2,1)  Track: 1  
  IPIN (3,1)  Pin: 3  
  SINK (3,1)  Class: 0  


Net 19 (N47)

SOURCE (1,3)  Class: 1  
  OPIN (1,3)  Pin: 5  
 CHANY (1,3)  Track: 1  
 CHANX (2,2)  Track: 0  
 CHANX (3,2)  Track: 0  
 CHANX (4,2)  Track: 0  
  IPIN (4,3)  Pin: 2  
  SINK (4,3)  Class: 0  


Net 20 (N46)

SOURCE (1,2)  Class: 1  
  OPIN (1,2)  Pin: 4  
 CHANX (1,2)  Track: 3  
  IPIN (1,3)  Pin: 2  
  SINK (1,3)  Class: 0  


Net 21 (N29)

SOURCE (2,3)  Class: 1  
  OPIN (2,3)  Pin: 4  
 CHANX (2,3)  Track: 0  
  IPIN (2,4)  Pin: 2  
  SINK (2,4)  Class: 0  


Net 22 (N28)

SOURCE (1,5)  Class: 1  
  OPIN (1,5)  Pin: 5  
 CHANY (1,5)  Track: 0  
 CHANX (2,5)  Track: 0  
 CHANY (2,5)  Track: 1  
 CHANX (3,4)  Track: 0  
 CHANY (3,4)  Track: 1  
 CHANX (4,3)  Track: 0  
 CHANY (4,3)  Track: 1  
 CHANX (4,2)  Track: 1  
  IPIN (4,2)  Pin: 0  
  SINK (4,2)  Class: 0  


Net 23 (N23)

SOURCE (2,4)  Class: 1  
  OPIN (2,4)  Pin: 5  
 CHANY (2,4)  Track: 2  
 CHANY (2,5)  Track: 2  
 CHANX (3,5)  Track: 2  
 CHANX (4,5)  Track: 2  
 CHANX (5,5)  Track: 2  
 CHANX (6,5)  Track: 2  
 CHANX (7,5)  Track: 2  
  IPIN (7,5)  Pin: 0  
  SINK (7,5)  Class: 0  


Net 24 (N22)

SOURCE (5,2)  Class: 1  
  OPIN (5,2)  Pin: 7  
 CHANY (4,2)  Track: 3  
  IPIN (4,2)  Pin: 1  
  SINK (4,2)  Class: 0  


Net 25 (N21)

SOURCE (4,1)  Class: 1  
  OPIN (4,1)  Pin: 7  
 CHANY (3,1)  Track: 0  
 CHANX (3,1)  Track: 1  
 CHANX (2,1)  Track: 1  
 CHANX (1,1)  Track: 1  
  IPIN (1,1)  Pin: 0  
  SINK (1,1)  Class: 0  


Net 26 (N20)

SOURCE (1,1)  Class: 1  
  OPIN (1,1)  Pin: 4  
 CHANX (1,1)  Track: 3  
  IPIN (1,2)  Pin: 2  
  SINK (1,2)  Class: 0  


Net 27 (N27)

SOURCE (4,3)  Class: 1  
  OPIN (4,3)  Pin: 5  
 CHANY (4,3)  Track: 0  
 CHANX (5,3)  Track: 0  
 CHANY (5,3)  Track: 1  
 CHANX (6,2)  Track: 0  
 CHANX (7,2)  Track: 0  
  IPIN (7,3)  Pin: 2  
  SINK (7,3)  Class: 0  


Net 28 (N26)

SOURCE (3,4)  Class: 1  
  OPIN (3,4)  Pin: 6  
 CHANX (3,3)  Track: 0  
 CHANY (3,3)  Track: 1  
  IPIN (4,3)  Pin: 3  
  SINK (4,3)  Class: 0  


Net 29 (N50)

SOURCE (7,5)  Class: 1  
  OPIN (7,5)  Pin: 5  
 CHANY (7,5)  Track: 2  
  IPIN (8,5)  Pad: 0  
  SINK (8,5)  Pad: 0  


Net 30 (N24)

SOURCE (5,3)  Class: 1  
  OPIN (5,3)  Pin: 6  
 CHANX (5,2)  Track: 2  
  IPIN (5,2)  Pin: 0  
  SINK (5,2)  Class: 0  


Net 31 (N13)

SOURCE (7,4)  Class: 1  
  OPIN (7,4)  Pin: 4  
 CHANX (7,4)  Track: 3  
  IPIN (7,5)  Pin: 2  
  SINK (7,5)  Class: 0  


Net 32 (N16)

SOURCE (2,2)  Class: 1  
  OPIN (2,2)  Pin: 5  
 CHANY (2,2)  Track: 3  
 CHANX (3,1)  Track: 2  
  IPIN (3,2)  Pin: 2  
  SINK (3,2)  Class: 0  


Net 33 (N17)

SOURCE (4,5)  Class: 1  
  OPIN (4,5)  Pin: 7  
 CHANY (3,5)  Track: 1  
  IPIN (3,5)  Pin: 1  
  SINK (3,5)  Class: 0  


Net 34 (N14)

SOURCE (3,1)  Class: 1  
  OPIN (3,1)  Pin: 4  
 CHANX (3,1)  Track: 3  
 CHANX (2,1)  Track: 3  
  IPIN (2,2)  Pin: 2  
  SINK (2,2)  Class: 0  


Net 35 (N49)

SOURCE (7,3)  Class: 1  
  OPIN (7,3)  Pin: 5  
 CHANY (7,3)  Track: 1  
  IPIN (8,3)  Pad: 0  
  SINK (8,3)  Pad: 0  


Net 36 (N18)

SOURCE (1,4)  Class: 1  
  OPIN (1,4)  Pin: 4  
 CHANX (1,4)  Track: 3  
 CHANY (0,5)  Track: 2  
 CHANX (1,5)  Track: 2  
 CHANX (2,5)  Track: 2  
 CHANY (2,5)  Track: 3  
 CHANY (2,4)  Track: 3  
  IPIN (2,4)  Pin: 1  
  SINK (2,4)  Class: 0  


Net 37 (N51)

SOURCE (5,1)  Class: 1  
  OPIN (5,1)  Pin: 6  
 CHANX (5,0)  Track: 3  
  IPIN (5,0)  Pad: 0  
  SINK (5,0)  Pad: 0  


Net 38 (N38)

SOURCE (6,5)  Class: 1  
  OPIN (6,5)  Pin: 5  
 CHANY (6,5)  Track: 1  
 CHANX (7,4)  Track: 0  
 CHANY (7,5)  Track: 0  
  IPIN (7,5)  Pin: 1  
  SINK (7,5)  Class: 0  


Net 39 (N39)

SOURCE (6,1)  Class: 1  
  OPIN (6,1)  Pin: 7  
 CHANY (5,1)  Track: 1  
 CHANX (5,0)  Track: 1  
  IPIN (5,1)  Pin: 2  
  SINK (5,1)  Class: 0  


Net 40 (N30)

SOURCE (6,4)  Class: 1  
  OPIN (6,4)  Pin: 5  
 CHANY (6,4)  Track: 1  
 CHANY (6,3)  Track: 1  
  IPIN (7,3)  Pin: 3  
  SINK (7,3)  Class: 0  


Net 41 (N31)

SOURCE (7,2)  Class: 1  
  OPIN (7,2)  Pin: 4  
 CHANX (7,2)  Track: 1  
 CHANY (6,3)  Track: 0  
 CHANX (7,3)  Track: 0  
  IPIN (7,3)  Pin: 0  
  SINK (7,3)  Class: 0  


Net 42 (N32)

SOURCE (6,2)  Class: 1  
  OPIN (6,2)  Pin: 4  
 CHANX (6,2)  Track: 2  
 CHANX (7,2)  Track: 2  
  IPIN (7,2)  Pin: 0  
  SINK (7,2)  Class: 0  


Net 43 (N33)

SOURCE (4,6)  Class: 1  
  OPIN (4,6)  Pin: 6  
 CHANX (4,5)  Track: 3  
  IPIN (4,5)  Pin: 0  
  SINK (4,5)  Class: 0  


Net 44 (N34)

SOURCE (3,3)  Class: 1  
  OPIN (3,3)  Pin: 7  
 CHANY (2,3)  Track: 3  
 CHANX (2,2)  Track: 3  
  IPIN (2,3)  Pin: 2  
  SINK (2,3)  Class: 0  


Net 45 (N35)

SOURCE (3,5)  Class: 1  
  OPIN (3,5)  Pin: 4  
 CHANX (3,5)  Track: 3  
 CHANX (2,5)  Track: 3  
  IPIN (2,5)  Pin: 0  
  SINK (2,5)  Class: 0  


Net 46 (N36)

SOURCE (2,5)  Class: 1  
  OPIN (2,5)  Pin: 6  
 CHANX (2,4)  Track: 3  
  IPIN (2,4)  Pin: 0  
  SINK (2,4)  Class: 0  


Net 47 (N37)

SOURCE (5,5)  Class: 1  
  OPIN (5,5)  Pin: 5  
 CHANY (5,5)  Track: 3  
 CHANY (5,4)  Track: 3  
 CHANY (5,3)  Track: 3  
 CHANY (5,2)  Track: 3  
 CHANX (5,1)  Track: 3  
  IPIN (5,1)  Pin: 0  
  SINK (5,1)  Class: 0  
