Netlist file: test.net   Architecture file: test.arch.xml
Array size: 7 x 7 logic blocks

#block name	x	y	subblk	block number
#----------	--	--	------	------------
N8		4	0	0	#0
N9		0	1	0	#1
N1		2	0	0	#2
N2		3	0	0	#3
N3		6	0	0	#4
N4		8	4	0	#5
N5		0	5	0	#6
N6		8	2	0	#7
N7		4	8	0	#8
N12		0	4	0	#9
N10		7	0	0	#10
N11		0	3	0	#11
out:N49		8	3	0	#12
out:N50		8	5	0	#13
out:N51		5	0	0	#14
N48_blk		5	4	0	#15
N41_blk		6	3	0	#16
N40_blk		4	2	0	#17
N43_blk		3	2	0	#18
N42_blk		7	1	0	#19
N45_blk		4	4	0	#20
N44_blk		2	1	0	#21
N47_blk		1	3	0	#22
N46_blk		1	2	0	#23
N29_blk		2	3	0	#24
N28_blk		1	5	0	#25
N23_blk		2	4	0	#26
N22_blk		5	2	0	#27
N21_blk		4	1	0	#28
N20_blk		1	1	0	#29
N27_blk		4	3	0	#30
N26_blk		3	4	0	#31
N25_blk		7	5	0	#32
N24_blk		5	3	0	#33
N13_blk		7	4	0	#34
N16_blk		2	2	0	#35
N17_blk		4	5	0	#36
N14_blk		3	1	0	#37
N15_blk		7	3	0	#38
N18_blk		1	4	0	#39
N19_blk		5	1	0	#40
N38_blk		6	5	0	#41
N39_blk		6	1	0	#42
N30_blk		6	4	0	#43
N31_blk		7	2	0	#44
N32_blk		6	2	0	#45
N33_blk		4	6	0	#46
N34_blk		3	3	0	#47
N35_blk		3	5	0	#48
N36_blk		2	5	0	#49
N37_blk		5	5	0	#50
