Netlist file: test.net   Architecture file: test.arch.xml
Array size: 5 x 5 logic blocks

#block name	x	y	subblk	block number
#----------	--	--	------	------------
N1		6	2	0	#0
N2		6	1	0	#1
out:N13		2	0	0	#2
N12_blk		4	2	0	#3
N10_blk		4	1	0	#4
N11_blk		3	1	0	#5
N8_blk		1	1	0	#6
N9_blk		3	2	0	#7
N3_blk		1	2	0	#8
N4_blk		5	1	0	#9
N5_blk		5	2	0	#10
N6_blk		2	1	0	#11
N7_blk		2	2	0	#12
