Netlist file: test.net   Architecture file: test.arch.xml
Array size: 5 x 5 logic blocks

#block name	x	y	subblk	block number
#----------	--	--	------	------------
N1		0	2	0	#0
N2		2	0	0	#1
N3		6	4	0	#2
out:N22		0	3	0	#3
N21_blk		1	1	0	#4
N20_blk		4	3	0	#5
N8_blk		3	3	0	#6
N9_blk		1	3	0	#7
N4_blk		4	4	0	#8
N5_blk		2	1	0	#9
N6_blk		3	4	0	#10
N7_blk		2	2	0	#11
N12_blk		4	2	0	#12
N13_blk		5	2	0	#13
N10_blk		2	4	0	#14
N11_blk		3	2	0	#15
N16_blk		4	1	0	#16
N17_blk		5	1	0	#17
N14_blk		2	3	0	#18
N15_blk		5	3	0	#19
N18_blk		3	1	0	#20
N19_blk		1	2	0	#21
