Netlist file: test.net   Architecture file: test.arch.xml
Array size: 7 x 7 logic blocks

#block name	x	y	subblk	block number
#----------	--	--	------	------------
N8		8	1	0	#0
N9		8	2	0	#1
N1		3	0	0	#2
N2		0	5	0	#3
N3		0	3	0	#4
N4		8	5	0	#5
N5		8	3	0	#6
N6		1	0	0	#7
N7		6	0	0	#8
N12		2	0	0	#9
N13		4	0	0	#10
N10		0	6	0	#11
N11		3	8	0	#12
N16		8	6	0	#13
N17		0	1	0	#14
N14		0	4	0	#15
N15		8	4	0	#16
N18		5	0	0	#17
out:N55		0	7	0	#18
out:N58		5	8	0	#19
out:N63		1	8	0	#20
out:N62		4	8	0	#21
out:N61		2	8	0	#22
out:N60		6	8	0	#23
out:N59		8	7	0	#24
out:N56		0	2	0	#25
out:N57		7	0	0	#26
N54_blk		4	1	0	#27
N49_blk		6	4	0	#28
N48_blk		5	2	0	#29
N41_blk		5	6	0	#30
N40_blk		1	3	0	#31
N43_blk		4	2	0	#32
N42_blk		7	2	0	#33
N45_blk		7	3	0	#34
N44_blk		2	2	0	#35
N47_blk		7	1	0	#36
N46_blk		2	3	0	#37
N29_blk		3	3	0	#38
N28_blk		3	1	0	#39
N23_blk		5	4	0	#40
N22_blk		5	5	0	#41
N21_blk		2	4	0	#42
N20_blk		3	4	0	#43
N27_blk		4	4	0	#44
N26_blk		5	3	0	#45
N25_blk		3	2	0	#46
N24_blk		5	1	0	#47
N19_blk		4	5	0	#48
N52_blk		2	5	0	#49
N53_blk		1	5	0	#50
N50_blk		2	1	0	#51
N51_blk		3	5	0	#52
N38_blk		1	1	0	#53
N39_blk		6	5	0	#54
N30_blk		7	4	0	#55
N31_blk		6	1	0	#56
N32_blk		4	3	0	#57
N33_blk		7	5	0	#58
N34_blk		6	3	0	#59
N35_blk		6	2	0	#60
N36_blk		1	4	0	#61
N37_blk		1	2	0	#62
