Netlist file: test.net   Architecture file: test.arch.xml
Array size: 3 x 3 logic blocks

#block name	x	y	subblk	block number
#----------	--	--	------	------------
N1		3	4	0	#0
N2		4	2	0	#1
out:N10		0	2	0	#2
N8_blk		2	1	0	#3
N9_blk		3	2	0	#4
N3_blk		1	1	0	#5
N4_blk		3	1	0	#6
N5_blk		3	3	0	#7
N6_blk		1	2	0	#8
N7_blk		2	2	0	#9
