Netlist file: test.net   Architecture file: test.arch.xml
Array size: 7 x 7 logic blocks

#block name	x	y	subblk	block number
#----------	--	--	------	------------
N21		8	5	0	#0
N20		1	0	0	#1
N8		4	0	0	#2
N9		8	4	0	#3
N1		8	3	0	#4
N2		2	0	0	#5
N3		5	8	0	#6
N4		8	1	0	#7
N5		3	8	0	#8
N6		0	2	0	#9
N7		8	2	0	#10
N12		3	0	0	#11
N13		0	5	0	#12
N10		6	0	0	#13
N11		0	1	0	#14
N16		4	8	0	#15
N17		0	3	0	#16
N14		0	4	0	#17
N15		0	6	0	#18
N18		8	6	0	#19
N19		7	0	0	#20
out:N48		6	8	0	#21
out:N47		2	8	0	#22
out:N46		5	0	0	#23
N41_blk		7	4	0	#24
N40_blk		2	2	0	#25
N43_blk		4	1	0	#26
N42_blk		3	1	0	#27
N45_blk		7	2	0	#28
N44_blk		7	1	0	#29
N29_blk		4	2	0	#30
N28_blk		3	2	0	#31
N23_blk		2	4	0	#32
N22_blk		2	3	0	#33
N27_blk		2	1	0	#34
N26_blk		1	1	0	#35
N25_blk		7	3	0	#36
N24_blk		5	3	0	#37
N38_blk		6	3	0	#38
N39_blk		1	3	0	#39
N30_blk		4	3	0	#40
N31_blk		3	3	0	#41
N32_blk		6	2	0	#42
N33_blk		5	2	0	#43
N34_blk		3	4	0	#44
N35_blk		5	1	0	#45
N36_blk		6	1	0	#46
N37_blk		1	2	0	#47
