Array size: 3 x 3 logic blocks.

Routing:

Net 0 (N1)

SOURCE (3,0)  Pad: 1  
  OPIN (3,0)  Pad: 1  
 CHANX (3,0)  Track: 3  
  IPIN (3,1)  Pin: 2  
  SINK (3,1)  Class: 0  
 CHANX (3,0)  Track: 3  
 CHANX (2,0)  Track: 3  
  IPIN (2,1)  Pin: 2  
  SINK (2,1)  Class: 0  
 CHANX (3,0)  Track: 3  
 CHANY (2,1)  Track: 2  
 CHANY (2,2)  Track: 2  
  IPIN (3,2)  Pin: 3  
  SINK (3,2)  Class: 0  
 CHANY (2,2)  Track: 2  
  IPIN (2,2)  Pin: 1  
  SINK (2,2)  Class: 0  
 CHANX (2,0)  Track: 3  
 CHANX (1,0)  Track: 3  
  IPIN (1,1)  Pin: 2  
  SINK (1,1)  Class: 0  


Net 1 (N7)

SOURCE (1,1)  Class: 1  
  OPIN (1,1)  Pin: 6  
 CHANX (1,0)  Track: 2  
  IPIN (1,0)  Pad: 0  
  SINK (1,0)  Pad: 0  


Net 2 (N3)

SOURCE (3,1)  Class: 1  
  OPIN (3,1)  Pin: 7  
 CHANY (2,1)  Track: 3  
  IPIN (2,1)  Pin: 1  
  SINK (2,1)  Class: 0  


Net 3 (N4)

SOURCE (2,2)  Class: 1  
  OPIN (2,2)  Pin: 5  
 CHANY (2,2)  Track: 1  
 CHANX (3,1)  Track: 0  
  IPIN (3,2)  Pin: 2  
  SINK (3,2)  Class: 0  


Net 4 (N5)

SOURCE (3,2)  Class: 1  
  OPIN (3,2)  Pin: 6  
 CHANX (3,1)  Track: 3  
  IPIN (3,1)  Pin: 0  
  SINK (3,1)  Class: 0  


Net 5 (N6)

SOURCE (2,1)  Class: 1  
  OPIN (2,1)  Pin: 7  
 CHANY (1,1)  Track: 3  
  IPIN (1,1)  Pin: 1  
  SINK (1,1)  Class: 0  
