Netlist file: test.net   Architecture file: test.arch.xml
Array size: 7 x 7 logic blocks

#block name	x	y	subblk	block number
#----------	--	--	------	------------
N8		8	7	0	#0
N9		4	8	0	#1
N1		2	0	0	#2
N2		8	5	0	#3
N3		0	3	0	#4
N4		0	4	0	#5
N5		5	0	0	#6
N6		0	6	0	#7
N7		3	0	0	#8
N12		7	8	0	#9
N13		8	4	0	#10
N10		1	0	0	#11
N11		0	2	0	#12
N16		6	0	0	#13
N17		8	3	0	#14
N14		8	1	0	#15
N15		1	8	0	#16
N18		3	8	0	#17
out:N74		8	2	0	#18
out:N70		5	8	0	#19
out:N73		2	8	0	#20
out:N69		8	6	0	#21
out:N68		0	7	0	#22
out:N67		6	8	0	#23
out:N75		0	1	0	#24
out:N71		0	5	0	#25
out:N72		4	0	0	#26
N55_blk		6	1	0	#27
N54_blk		6	7	0	#28
N58_blk		7	7	0	#29
N49_blk		3	5	0	#30
N48_blk		1	4	0	#31
N65_blk		2	3	0	#32
N64_blk		2	5	0	#33
N63_blk		3	2	0	#34
N62_blk		3	3	0	#35
N61_blk		3	1	0	#36
N60_blk		2	6	0	#37
N41_blk		7	5	0	#38
N40_blk		7	1	0	#39
N43_blk		5	3	0	#40
N42_blk		5	4	0	#41
N45_blk		2	2	0	#42
N44_blk		1	3	0	#43
N47_blk		5	6	0	#44
N46_blk		1	2	0	#45
N29_blk		1	1	0	#46
N28_blk		3	6	0	#47
N59_blk		7	6	0	#48
N23_blk		6	6	0	#49
N22_blk		2	4	0	#50
N21_blk		7	4	0	#51
N20_blk		4	6	0	#52
N27_blk		5	7	0	#53
N26_blk		4	1	0	#54
N25_blk		4	5	0	#55
N24_blk		7	3	0	#56
N66_blk		1	5	0	#57
N56_blk		5	2	0	#58
N57_blk		5	1	0	#59
N19_blk		7	2	0	#60
N52_blk		4	2	0	#61
N53_blk		5	5	0	#62
N50_blk		2	7	0	#63
N51_blk		4	3	0	#64
N38_blk		1	6	0	#65
N39_blk		6	5	0	#66
N30_blk		6	2	0	#67
N31_blk		6	4	0	#68
N32_blk		6	3	0	#69
N33_blk		3	4	0	#70
N34_blk		3	7	0	#71
N35_blk		4	4	0	#72
N36_blk		1	7	0	#73
N37_blk		2	1	0	#74
