Array size: 5 x 5 logic blocks.

Routing:

Net 0 (N1)

SOURCE (2,0)  Pad: 1  
  OPIN (2,0)  Pad: 1  
 CHANX (2,0)  Track: 1  
  IPIN (2,1)  Pin: 2  
  SINK (2,1)  Class: 0  


Net 1 (N2)

SOURCE (3,0)  Pad: 1  
  OPIN (3,0)  Pad: 1  
 CHANX (3,0)  Track: 1  
 CHANY (2,1)  Track: 0  
  IPIN (2,1)  Pin: 1  
  SINK (2,1)  Class: 0  
 CHANY (2,1)  Track: 0  
 CHANX (2,1)  Track: 1  
 CHANX (1,1)  Track: 1  
  IPIN (1,1)  Pin: 0  
  SINK (1,1)  Class: 0  


Net 2 (N3)

SOURCE (0,3)  Pad: 1  
  OPIN (0,3)  Pad: 1  
 CHANY (0,3)  Track: 0  
 CHANX (1,3)  Track: 0  
 CHANY (1,3)  Track: 1  
 CHANX (1,2)  Track: 1  
  IPIN (1,2)  Pin: 0  
  SINK (1,2)  Class: 0  


Net 3 (N4)

SOURCE (1,0)  Pad: 1  
  OPIN (1,0)  Pad: 1  
 CHANX (1,0)  Track: 1  
  IPIN (1,1)  Pin: 2  
  SINK (1,1)  Class: 0  


Net 4 (N5)

SOURCE (0,2)  Pad: 1  
  OPIN (0,2)  Pad: 1  
 CHANY (0,2)  Track: 0  
  IPIN (1,2)  Pin: 3  
  SINK (1,2)  Class: 0  


Net 5 (N8)

SOURCE (1,1)  Class: 1  
  OPIN (1,1)  Pin: 4  
 CHANX (1,1)  Track: 0  
  IPIN (1,2)  Pin: 2  
  SINK (1,2)  Class: 0  


Net 6 (N9)

SOURCE (1,2)  Class: 1  
  OPIN (1,2)  Pin: 7  
 CHANY (0,2)  Track: 1  
 CHANY (0,1)  Track: 1  
  IPIN (0,1)  Pad: 0  
  SINK (0,1)  Pad: 0  


Net 7 (N7)

SOURCE (2,1)  Class: 1  
  OPIN (2,1)  Pin: 7  
 CHANY (1,1)  Track: 0  
 CHANY (1,2)  Track: 0  
  IPIN (1,2)  Pin: 1  
  SINK (1,2)  Class: 0  
