Netlist file: test.net   Architecture file: test.arch.xml
Array size: 7 x 7 logic blocks

#block name	x	y	subblk	block number
#----------	--	--	------	------------
N8		3	8	0	#0
N9		3	0	0	#1
N1		0	4	0	#2
N2		0	2	0	#3
N3		2	0	0	#4
N4		8	3	0	#5
N5		8	5	0	#6
N6		5	8	0	#7
N7		6	0	0	#8
N12		4	8	0	#9
N13		1	0	0	#10
N10		0	3	0	#11
N11		8	2	0	#12
N14		0	6	0	#13
N15		4	0	0	#14
out:N38		7	0	0	#15
out:N39		5	0	0	#16
out:N34		8	1	0	#17
out:N35		8	4	0	#18
out:N36		0	1	0	#19
out:N37		0	5	0	#20
N29_blk		3	3	0	#21
N28_blk		2	1	0	#22
N23_blk		2	3	0	#23
N22_blk		6	2	0	#24
N21_blk		5	2	0	#25
N20_blk		1	1	0	#26
N27_blk		7	2	0	#27
N26_blk		5	1	0	#28
N25_blk		4	2	0	#29
N24_blk		3	2	0	#30
N16_blk		3	1	0	#31
N17_blk		2	2	0	#32
N18_blk		4	1	0	#33
N19_blk		1	3	0	#34
N30_blk		7	1	0	#35
N31_blk		6	1	0	#36
N32_blk		4	3	0	#37
N33_blk		1	2	0	#38
