Array size: 7 x 7 logic blocks.

Routing:

Net 0 (N8)

SOURCE (3,8)  Pad: 1  
  OPIN (3,8)  Pad: 1  
 CHANX (3,7)  Track: 3  
 CHANY (2,7)  Track: 3  
 CHANY (2,6)  Track: 3  
 CHANY (2,5)  Track: 3  
 CHANY (2,4)  Track: 3  
 CHANY (2,3)  Track: 3  
 CHANY (2,2)  Track: 3  
  IPIN (3,2)  Pin: 3  
  SINK (3,2)  Class: 0  
 CHANY (2,3)  Track: 3  
 CHANX (3,2)  Track: 2  
 CHANX (4,2)  Track: 2  
 CHANX (5,2)  Track: 2  
  IPIN (5,2)  Pin: 0  
  SINK (5,2)  Class: 0  
 CHANY (2,3)  Track: 3  
  IPIN (2,3)  Pin: 1  
  SINK (2,3)  Class: 0  


Net 1 (N9)

SOURCE (3,0)  Pad: 1  
  OPIN (3,0)  Pad: 1  
 CHANX (3,0)  Track: 3  
  IPIN (3,1)  Pin: 2  
  SINK (3,1)  Class: 0  
 CHANX (3,0)  Track: 3  
 CHANY (2,1)  Track: 2  
 CHANX (3,1)  Track: 2  
  IPIN (3,2)  Pin: 2  
  SINK (3,2)  Class: 0  


Net 2 (N1)

SOURCE (0,4)  Pad: 1  
  OPIN (0,4)  Pad: 1  
 CHANY (0,4)  Track: 3  
 CHANX (1,3)  Track: 2  
 CHANX (2,3)  Track: 2  
  IPIN (2,3)  Pin: 0  
  SINK (2,3)  Class: 0  
 CHANX (1,3)  Track: 2  
 CHANY (1,3)  Track: 3  
 CHANY (1,2)  Track: 3  
  IPIN (2,2)  Pin: 3  
  SINK (2,2)  Class: 0  


Net 3 (N2)

SOURCE (0,2)  Pad: 1  
  OPIN (0,2)  Pad: 1  
 CHANY (0,2)  Track: 2  
 CHANY (0,3)  Track: 2  
  IPIN (1,3)  Pin: 3  
  SINK (1,3)  Class: 0  
  OPIN (0,2)  Pad: 1  
 CHANY (0,2)  Track: 3  
 CHANY (0,1)  Track: 3  
  IPIN (1,1)  Pin: 3  
  SINK (1,1)  Class: 0  
 CHANY (0,1)  Track: 3  
 CHANX (1,0)  Track: 2  
 CHANX (2,0)  Track: 2  
 CHANX (3,0)  Track: 2  
 CHANX (4,0)  Track: 2  
 CHANX (5,0)  Track: 2  
  IPIN (5,1)  Pin: 2  
  SINK (5,1)  Class: 0  


Net 4 (N3)

SOURCE (2,0)  Pad: 1  
  OPIN (2,0)  Pad: 1  
 CHANX (2,0)  Track: 3  
  IPIN (2,1)  Pin: 2  
  SINK (2,1)  Class: 0  
  OPIN (2,0)  Pad: 1  
 CHANX (2,0)  Track: 0  
 CHANY (2,1)  Track: 0  
  IPIN (3,1)  Pin: 3  
  SINK (3,1)  Class: 0  
 CHANY (2,1)  Track: 0  
 CHANX (3,1)  Track: 0  
 CHANX (4,1)  Track: 0  
  IPIN (4,1)  Pin: 0  
  SINK (4,1)  Class: 0  


Net 5 (N4)

SOURCE (8,3)  Pad: 1  
  OPIN (8,3)  Pad: 1  
 CHANY (7,3)  Track: 3  
 CHANY (7,2)  Track: 3  
  IPIN (7,2)  Pin: 1  
  SINK (7,2)  Class: 0  
 CHANY (7,2)  Track: 3  
 CHANX (7,1)  Track: 3  
 CHANX (6,1)  Track: 3  
 CHANX (5,1)  Track: 3  
  IPIN (5,2)  Pin: 2  
  SINK (5,2)  Class: 0  


Net 6 (N5)

SOURCE (8,5)  Pad: 1  
  OPIN (8,5)  Pad: 1  
 CHANY (7,5)  Track: 1  
 CHANY (7,4)  Track: 1  
 CHANY (7,3)  Track: 1  
 CHANY (7,2)  Track: 1  
 CHANY (7,1)  Track: 1  
  IPIN (7,1)  Pin: 1  
  SINK (7,1)  Class: 0  
 CHANY (7,3)  Track: 1  
 CHANX (7,2)  Track: 1  
 CHANX (6,2)  Track: 1  
  IPIN (6,2)  Pin: 0  
  SINK (6,2)  Class: 0  


Net 7 (N6)

SOURCE (5,8)  Pad: 1  
  OPIN (5,8)  Pad: 1  
 CHANX (5,7)  Track: 3  
 CHANY (4,7)  Track: 3  
 CHANY (4,6)  Track: 3  
 CHANY (4,5)  Track: 3  
 CHANY (4,4)  Track: 3  
 CHANY (4,3)  Track: 3  
  IPIN (4,3)  Pin: 1  
  SINK (4,3)  Class: 0  
 CHANY (4,3)  Track: 3  
 CHANY (4,2)  Track: 3  
  IPIN (4,2)  Pin: 1  
  SINK (4,2)  Class: 0  
 CHANY (4,2)  Track: 3  
 CHANX (5,1)  Track: 2  
 CHANX (6,1)  Track: 2  
  IPIN (6,2)  Pin: 2  
  SINK (6,2)  Class: 0  


Net 8 (N7)

SOURCE (6,0)  Pad: 1  
  OPIN (6,0)  Pad: 1  
 CHANX (6,0)  Track: 3  
  IPIN (6,1)  Pin: 2  
  SINK (6,1)  Class: 0  
 CHANX (6,0)  Track: 3  
 CHANY (5,1)  Track: 2  
  IPIN (5,1)  Pin: 1  
  SINK (5,1)  Class: 0  


Net 9 (N12)

SOURCE (4,8)  Pad: 1  
  OPIN (4,8)  Pad: 1  
 CHANX (4,7)  Track: 3  
 CHANY (3,7)  Track: 3  
 CHANY (3,6)  Track: 3  
 CHANY (3,5)  Track: 3  
 CHANY (3,4)  Track: 3  
 CHANY (3,3)  Track: 3  
  IPIN (4,3)  Pin: 3  
  SINK (4,3)  Class: 0  
 CHANY (3,3)  Track: 3  
  IPIN (3,3)  Pin: 1  
  SINK (3,3)  Class: 0  


Net 10 (N13)

SOURCE (1,0)  Pad: 1  
  OPIN (1,0)  Pad: 1  
 CHANX (1,0)  Track: 3  
  IPIN (1,1)  Pin: 2  
  SINK (1,1)  Class: 0  
  OPIN (1,0)  Pad: 1  
 CHANX (1,0)  Track: 0  
 CHANY (1,1)  Track: 0  
  IPIN (2,1)  Pin: 3  
  SINK (2,1)  Class: 0  


Net 11 (N10)

SOURCE (0,3)  Pad: 1  
  OPIN (0,3)  Pad: 1  
 CHANY (0,3)  Track: 3  
 CHANX (1,2)  Track: 2  
  IPIN (1,2)  Pin: 0  
  SINK (1,2)  Class: 0  
 CHANX (1,2)  Track: 2  
 CHANX (2,2)  Track: 2  
  IPIN (2,2)  Pin: 0  
  SINK (2,2)  Class: 0  
 CHANX (2,2)  Track: 2  
 CHANY (2,3)  Track: 2  
  IPIN (3,3)  Pin: 3  
  SINK (3,3)  Class: 0  


Net 12 (N11)

SOURCE (8,2)  Pad: 1  
  OPIN (8,2)  Pad: 1  
 CHANY (7,2)  Track: 2  
 CHANX (7,2)  Track: 3  
  IPIN (7,2)  Pin: 0  
  SINK (7,2)  Class: 0  
 CHANX (7,2)  Track: 3  
 CHANY (6,2)  Track: 3  
 CHANY (6,1)  Track: 3  
  IPIN (7,1)  Pin: 3  
  SINK (7,1)  Class: 0  
 CHANY (6,1)  Track: 3  
  IPIN (6,1)  Pin: 1  
  SINK (6,1)  Class: 0  


Net 13 (N14)

SOURCE (0,6)  Pad: 1  
  OPIN (0,6)  Pad: 1  
 CHANY (0,6)  Track: 1  
 CHANY (0,5)  Track: 1  
 CHANY (0,4)  Track: 1  
 CHANX (1,3)  Track: 0  
  IPIN (1,3)  Pin: 0  
  SINK (1,3)  Class: 0  
 CHANY (0,4)  Track: 1  
 CHANY (0,3)  Track: 1  
 CHANY (0,2)  Track: 1  
  IPIN (1,2)  Pin: 3  
  SINK (1,2)  Class: 0  


Net 14 (N15)

SOURCE (4,0)  Pad: 1  
  OPIN (4,0)  Pad: 1  
 CHANX (4,0)  Track: 3  
  IPIN (4,1)  Pin: 2  
  SINK (4,1)  Class: 0  
 CHANX (4,0)  Track: 3  
 CHANY (3,1)  Track: 2  
 CHANY (3,2)  Track: 2  
  IPIN (4,2)  Pin: 3  
  SINK (4,2)  Class: 0  


Net 15 (N29)

SOURCE (3,3)  Class: 1  
  OPIN (3,3)  Pin: 5  
 CHANY (3,3)  Track: 1  
 CHANY (3,2)  Track: 1  
 CHANY (3,1)  Track: 1  
  IPIN (4,1)  Pin: 3  
  SINK (4,1)  Class: 0  


Net 16 (N28)

SOURCE (2,1)  Class: 1  
  OPIN (2,1)  Pin: 5  
 CHANY (2,1)  Track: 1  
 CHANX (3,0)  Track: 0  
 CHANX (4,0)  Track: 0  
 CHANX (5,0)  Track: 0  
 CHANY (5,1)  Track: 0  
  IPIN (6,1)  Pin: 3  
  SINK (6,1)  Class: 0  


Net 17 (N23)

SOURCE (2,3)  Class: 1  
  OPIN (2,3)  Pin: 7  
 CHANY (1,3)  Track: 2  
  IPIN (1,3)  Pin: 1  
  SINK (1,3)  Class: 0  


Net 18 (N22)

SOURCE (6,2)  Class: 1  
  OPIN (6,2)  Pin: 7  
 CHANY (5,2)  Track: 3  
  IPIN (5,2)  Pin: 1  
  SINK (5,2)  Class: 0  


Net 19 (N21)

SOURCE (5,2)  Class: 1  
  OPIN (5,2)  Pin: 6  
 CHANX (5,1)  Track: 1  
  IPIN (5,1)  Pin: 0  
  SINK (5,1)  Class: 0  


Net 20 (N36)

SOURCE (1,1)  Class: 1  
  OPIN (1,1)  Pin: 7  
 CHANY (0,1)  Track: 2  
  IPIN (0,1)  Pad: 0  
  SINK (0,1)  Pad: 0  


Net 21 (N35)

SOURCE (7,2)  Class: 1  
  OPIN (7,2)  Pin: 4  
 CHANX (7,2)  Track: 2  
 CHANY (7,3)  Track: 2  
 CHANY (7,4)  Track: 2  
  IPIN (8,4)  Pad: 0  
  SINK (8,4)  Pad: 0  


Net 22 (N39)

SOURCE (5,1)  Class: 1  
  OPIN (5,1)  Pin: 6  
 CHANX (5,0)  Track: 3  
  IPIN (5,0)  Pad: 0  
  SINK (5,0)  Pad: 0  


Net 23 (N25)

SOURCE (4,2)  Class: 1  
  OPIN (4,2)  Pin: 7  
 CHANY (3,2)  Track: 3  
  IPIN (3,2)  Pin: 1  
  SINK (3,2)  Class: 0  


Net 24 (N24)

SOURCE (3,2)  Class: 1  
  OPIN (3,2)  Pin: 7  
 CHANY (2,2)  Track: 1  
 CHANX (2,1)  Track: 1  
 CHANX (1,1)  Track: 1  
  IPIN (1,1)  Pin: 0  
  SINK (1,1)  Class: 0  


Net 25 (N16)

SOURCE (3,1)  Class: 1  
  OPIN (3,1)  Pin: 5  
 CHANY (3,1)  Track: 0  
 CHANY (3,2)  Track: 0  
 CHANX (4,2)  Track: 0  
 CHANX (5,2)  Track: 0  
 CHANX (6,2)  Track: 0  
 CHANY (6,2)  Track: 1  
  IPIN (7,2)  Pin: 3  
  SINK (7,2)  Class: 0  


Net 26 (N17)

SOURCE (2,2)  Class: 1  
  OPIN (2,2)  Pin: 5  
 CHANY (2,2)  Track: 0  
 CHANX (3,2)  Track: 0  
 CHANY (3,3)  Track: 0  
 CHANX (4,3)  Track: 0  
 CHANY (4,3)  Track: 1  
 CHANY (4,2)  Track: 1  
 CHANX (4,1)  Track: 1  
 CHANX (3,1)  Track: 1  
  IPIN (3,1)  Pin: 0  
  SINK (3,1)  Class: 0  


Net 27 (N18)

SOURCE (4,1)  Class: 1  
  OPIN (4,1)  Pin: 5  
 CHANY (4,1)  Track: 0  
 CHANX (5,1)  Track: 0  
 CHANX (6,1)  Track: 0  
 CHANX (7,1)  Track: 0  
  IPIN (7,1)  Pin: 0  
  SINK (7,1)  Class: 0  


Net 28 (N37)

SOURCE (1,3)  Class: 1  
  OPIN (1,3)  Pin: 4  
 CHANX (1,3)  Track: 3  
 CHANY (0,4)  Track: 2  
 CHANY (0,5)  Track: 2  
  IPIN (0,5)  Pad: 0  
  SINK (0,5)  Pad: 0  


Net 29 (N38)

SOURCE (7,1)  Class: 1  
  OPIN (7,1)  Pin: 6  
 CHANX (7,0)  Track: 3  
  IPIN (7,0)  Pad: 0  
  SINK (7,0)  Pad: 0  


Net 30 (N34)

SOURCE (6,1)  Class: 1  
  OPIN (6,1)  Pin: 5  
 CHANY (6,1)  Track: 2  
 CHANX (7,1)  Track: 2  
 CHANY (7,1)  Track: 3  
  IPIN (8,1)  Pad: 0  
  SINK (8,1)  Pad: 0  


Net 31 (N32)

SOURCE (4,3)  Class: 1  
  OPIN (4,3)  Pin: 6  
 CHANX (4,2)  Track: 1  
 CHANX (3,2)  Track: 1  
 CHANX (2,2)  Track: 1  
  IPIN (2,3)  Pin: 2  
  SINK (2,3)  Class: 0  


Net 32 (N33)

SOURCE (1,2)  Class: 1  
  OPIN (1,2)  Pin: 5  
 CHANY (1,2)  Track: 1  
 CHANX (2,1)  Track: 0  
  IPIN (2,1)  Pin: 0  
  SINK (2,1)  Class: 0  
