Netlist file: test.net   Architecture file: test.arch.xml
Array size: 6 x 6 logic blocks

#block name	x	y	subblk	block number
#----------	--	--	------	------------
N1		0	3	0	#0
N2		2	0	0	#1
N3		5	0	0	#2
out:N33		3	0	0	#3
N29_blk		1	1	0	#4
N28_blk		4	3	0	#5
N23_blk		6	5	0	#6
N22_blk		4	4	0	#7
N21_blk		4	1	0	#8
N20_blk		5	1	0	#9
N27_blk		4	2	0	#10
N26_blk		6	3	0	#11
N25_blk		5	3	0	#12
N24_blk		5	5	0	#13
N8_blk		6	2	0	#14
N9_blk		1	2	0	#15
N4_blk		1	4	0	#16
N5_blk		3	5	0	#17
N6_blk		1	3	0	#18
N7_blk		2	4	0	#19
N12_blk		3	3	0	#20
N13_blk		3	4	0	#21
N10_blk		2	5	0	#22
N11_blk		6	1	0	#23
N16_blk		3	1	0	#24
N17_blk		4	5	0	#25
N14_blk		5	2	0	#26
N15_blk		3	2	0	#27
N18_blk		6	4	0	#28
N19_blk		2	1	0	#29
N30_blk		5	4	0	#30
N31_blk		2	2	0	#31
N32_blk		2	3	0	#32
