Netlist file: test.net   Architecture file: test.arch.xml
Array size: 5 x 5 logic blocks

#block name	x	y	subblk	block number
#----------	--	--	------	------------
N1		0	2	0	#0
N2		3	6	0	#1
N3		1	0	0	#2
N4		3	0	0	#3
N5		0	4	0	#4
N6		4	0	0	#5
N7		6	1	0	#6
out:N30		4	6	0	#7
N29_blk		4	1	0	#8
N28_blk		2	3	0	#9
N23_blk		2	4	0	#10
N22_blk		2	2	0	#11
N21_blk		1	4	0	#12
N20_blk		5	4	0	#13
N27_blk		5	2	0	#14
N26_blk		5	1	0	#15
N25_blk		2	1	0	#16
N24_blk		1	1	0	#17
N8_blk		2	5	0	#18
N9_blk		3	2	0	#19
N12_blk		4	3	0	#20
N13_blk		4	2	0	#21
N10_blk		1	3	0	#22
N11_blk		1	2	0	#23
N16_blk		4	4	0	#24
N17_blk		3	4	0	#25
N14_blk		3	1	0	#26
N15_blk		5	3	0	#27
N18_blk		4	5	0	#28
N19_blk		3	3	0	#29
