Netlist file: test.net   Architecture file: test.arch.xml
Array size: 3 x 3 logic blocks

#block name	x	y	subblk	block number
#----------	--	--	------	------------
N1		0	1	0	#0
N2		1	0	0	#1
N3		4	2	0	#2
out:N11		4	1	0	#3
N10_blk		1	2	0	#4
N8_blk		3	1	0	#5
N9_blk		2	1	0	#6
N4_blk		3	3	0	#7
N5_blk		1	1	0	#8
N6_blk		2	2	0	#9
N7_blk		3	2	0	#10
